
---- Blocked MT Simulation ----

Register file thread id 0:
	R0 = 0x0	R1 = 0x0	R2 = 0x0	R3 = 0xFFFFFFFE	R4 = 0x5	R5 = 0x0	R6 = 0x7	R7 = 0x0
Register file thread id 1:
	R0 = 0xFFFFFFFD	R1 = 0x0	R2 = 0x0	R3 = 0x0	R4 = 0x6	R5 = 0x0	R6 = 0x0	R7 = 0xFFFFFFFE
Register file thread id 2:
	R0 = 0x0	R1 = 0x1	R2 = 0x0	R3 = 0x0	R4 = 0x0	R5 = 0x0	R6 = 0x0	R7 = 0x0
Register file thread id 3:
	R0 = 0x0	R1 = 0x0	R2 = 0x0	R3 = 0x0	R4 = 0x4	R5 = 0x0	R6 = 0x0	R7 = 0x0
Register file thread id 4:
	R0 = 0x0	R1 = 0x5	R2 = 0x3	R3 = 0x0	R4 = 0x1	R5 = 0x3	R6 = 0xFFFFFFFE	R7 = 0x0
Register file thread id 5:
	R0 = 0x0	R1 = 0x0	R2 = 0xFFFFFFFD	R3 = 0x0	R4 = 0x0	R5 = 0x4	R6 = 0xFFFFFFFD	R7 = 0xFFFFFFFD
Register file thread id 6:
	R0 = 0xFFFFFFFA	R1 = 0x0	R2 = 0xFFFFFFFD	R3 = 0xFFFFFFFA	R4 = 0x0	R5 = 0x0	R6 = 0x0	R7 = 0xFFFFFFFD
Register file thread id 7:
	R0 = 0x0	R1 = 0x0	R2 = 0x0	R3 = 0x0	R4 = 0x0	R5 = 0xFFFFFFFF	R6 = 0x0	R7 = 0x0
Register file thread id 8:
	R0 = 0x0	R1 = 0x0	R2 = 0x0	R3 = 0x0	R4 = 0x0	R5 = 0x0	R6 = 0x0	R7 = 0x0
Register file thread id 9:
	R0 = 0x0	R1 = 0x0	R2 = 0xFFFFFFFD	R3 = 0x0	R4 = 0x0	R5 = 0x0	R6 = 0xFFFFFFFD	R7 = 0x0
Register file thread id 10:
	R0 = 0x0	R1 = 0x0	R2 = 0x0	R3 = 0x0	R4 = 0x0	R5 = 0x0	R6 = 0xFFFFFFFC	R7 = 0xFFFFFFFC
Register file thread id 11:
	R0 = 0x0	R1 = 0x0	R2 = 0x0	R3 = 0x0	R4 = 0x0	R5 = 0x0	R6 = 0x0	R7 = 0x0
Register file thread id 12:
	R0 = 0xFFFFFFFF	R1 = 0xFFFFFFFA	R2 = 0x0	R3 = 0x0	R4 = 0x0	R5 = 0x0	R6 = 0x0	R7 = 0xFFFFFFFD
Blocked MT CPI for this program 2.854369

-----Finegrained MT Simulation -----

Register file thread id 0:
	R0 = 0x0	R1 = 0x0	R2 = 0x0	R3 = 0xFFFFFFFE	R4 = 0x0	R5 = 0x0	R6 = 0x2	R7 = 0x0
Register file thread id 1:
	R0 = 0xFFFFFFFD	R1 = 0x0	R2 = 0x0	R3 = 0x0	R4 = 0x6	R5 = 0x0	R6 = 0x0	R7 = 0xFFFFFFFE
Register file thread id 2:
	R0 = 0x0	R1 = 0x1	R2 = 0x0	R3 = 0x0	R4 = 0x0	R5 = 0x0	R6 = 0x0	R7 = 0x0
Register file thread id 3:
	R0 = 0x0	R1 = 0x0	R2 = 0x0	R3 = 0x0	R4 = 0x4	R5 = 0x0	R6 = 0x0	R7 = 0x0
Register file thread id 4:
	R0 = 0x0	R1 = 0x5	R2 = 0x3	R3 = 0x0	R4 = 0x1	R5 = 0x3	R6 = 0xFFFFFFFE	R7 = 0x0
Register file thread id 5:
	R0 = 0x0	R1 = 0x0	R2 = 0xFFFFFFFD	R3 = 0x0	R4 = 0x0	R5 = 0x4	R6 = 0xFFFFFFFD	R7 = 0xFFFFFFFD
Register file thread id 6:
	R0 = 0xFFFFFFFA	R1 = 0x0	R2 = 0xFFFFFFFD	R3 = 0xFFFFFFFA	R4 = 0x0	R5 = 0x0	R6 = 0x0	R7 = 0xFFFFFFFD
Register file thread id 7:
	R0 = 0x0	R1 = 0x0	R2 = 0x0	R3 = 0x0	R4 = 0x0	R5 = 0xFFFFFFFF	R6 = 0x0	R7 = 0x0
Register file thread id 8:
	R0 = 0x0	R1 = 0x0	R2 = 0x0	R3 = 0x0	R4 = 0x0	R5 = 0x0	R6 = 0x0	R7 = 0x0
Register file thread id 9:
	R0 = 0x0	R1 = 0x0	R2 = 0xFFFFFFFD	R3 = 0x0	R4 = 0x0	R5 = 0x0	R6 = 0xFFFFFFFD	R7 = 0x0
Register file thread id 10:
	R0 = 0x0	R1 = 0x0	R2 = 0x0	R3 = 0x0	R4 = 0x0	R5 = 0x0	R6 = 0xFFFFFFFC	R7 = 0xFFFFFFFC
Register file thread id 11:
	R0 = 0x0	R1 = 0x0	R2 = 0x0	R3 = 0x0	R4 = 0x0	R5 = 0x0	R6 = 0x0	R7 = 0x0
Register file thread id 12:
	R0 = 0xFFFFFFFF	R1 = 0xFFFFFFFA	R2 = 0x0	R3 = 0x0	R4 = 0x0	R5 = 0x0	R6 = 0x0	R7 = 0xFFFFFFFD
Finegrained Multithreading CPI for this program 1.174757

