
---- Blocked MT Simulation ----

Register file thread id 0:
	R0 = 0x0	R1 = 0x0	R2 = 0xFFFFFFFE	R3 = 0x8	R4 = 0x0	R5 = 0x0	R6 = 0x2	R7 = 0x0
Register file thread id 1:
	R0 = 0x0	R1 = 0x0	R2 = 0x3	R3 = 0xFFFFFFFC	R4 = 0x0	R5 = 0x0	R6 = 0x0	R7 = 0x0
Register file thread id 2:
	R0 = 0x0	R1 = 0x0	R2 = 0x0	R3 = 0x3	R4 = 0x0	R5 = 0xFFFFFFFD	R6 = 0xFFFFFFFF	R7 = 0x8
Register file thread id 3:
	R0 = 0x0	R1 = 0x0	R2 = 0xFFFFFFFC	R3 = 0x0	R4 = 0x8	R5 = 0xA	R6 = 0x0	R7 = 0x5
Register file thread id 4:
	R0 = 0x0	R1 = 0x0	R2 = 0x0	R3 = 0x0	R4 = 0x2	R5 = 0x0	R6 = 0x0	R7 = 0x0
Register file thread id 5:
	R0 = 0x0	R1 = 0x0	R2 = 0x3	R3 = 0x0	R4 = 0xFFFFFFFC	R5 = 0x0	R6 = 0x0	R7 = 0xFFFFFFFF
Register file thread id 6:
	R0 = 0x0	R1 = 0x0	R2 = 0x0	R3 = 0xFFFFFFFC	R4 = 0x0	R5 = 0x0	R6 = 0x0	R7 = 0x0
Register file thread id 7:
	R0 = 0x2	R1 = 0x0	R2 = 0x0	R3 = 0xFFFFFFFC	R4 = 0x0	R5 = 0x0	R6 = 0x0	R7 = 0xFFFFFFFE
Blocked MT CPI for this program 3.575758

-----Finegrained MT Simulation -----

Register file thread id 0:
	R0 = 0x0	R1 = 0x0	R2 = 0xFFFFFFFE	R3 = 0x8	R4 = 0x0	R5 = 0x0	R6 = 0x2	R7 = 0x0
Register file thread id 1:
	R0 = 0x0	R1 = 0x0	R2 = 0x3	R3 = 0xFFFFFFFC	R4 = 0x0	R5 = 0x0	R6 = 0x0	R7 = 0x0
Register file thread id 2:
	R0 = 0x0	R1 = 0x0	R2 = 0x0	R3 = 0x3	R4 = 0x0	R5 = 0xFFFFFFFD	R6 = 0xFFFFFFFF	R7 = 0x8
Register file thread id 3:
	R0 = 0x0	R1 = 0x0	R2 = 0xFFFFFFFC	R3 = 0x0	R4 = 0x8	R5 = 0xA	R6 = 0x0	R7 = 0x5
Register file thread id 4:
	R0 = 0x0	R1 = 0x0	R2 = 0x0	R3 = 0x0	R4 = 0x2	R5 = 0x0	R6 = 0x0	R7 = 0x0
Register file thread id 5:
	R0 = 0x0	R1 = 0x0	R2 = 0x3	R3 = 0x0	R4 = 0xFFFFFFFC	R5 = 0x0	R6 = 0x0	R7 = 0xFFFFFFFF
Register file thread id 6:
	R0 = 0x0	R1 = 0x0	R2 = 0x0	R3 = 0xFFFFFFFC	R4 = 0x0	R5 = 0x0	R6 = 0x0	R7 = 0x0
Register file thread id 7:
	R0 = 0x2	R1 = 0x0	R2 = 0x0	R3 = 0xFFFFFFFC	R4 = 0x0	R5 = 0x0	R6 = 0x0	R7 = 0xFFFFFFFE
Finegrained Multithreading CPI for this program 1.106061

