
---- Blocked MT Simulation ----

Register file thread id 0:
	R0 = 0xFFFFFFFC	R1 = 0xFFFFFFFF	R2 = 0x0	R3 = 0x0	R4 = 0x0	R5 = 0xFFFFFFFF	R6 = 0xFFFFFFFF	R7 = 0x0
Register file thread id 1:
	R0 = 0xFFFFFFFD	R1 = 0x0	R2 = 0x0	R3 = 0x0	R4 = 0x3	R5 = 0x1	R6 = 0x0	R7 = 0xFFFFFFFC
Register file thread id 2:
	R0 = 0x0	R1 = 0x0	R2 = 0x4	R3 = 0x4	R4 = 0x4	R5 = 0x0	R6 = 0x0	R7 = 0x0
Register file thread id 3:
	R0 = 0x0	R1 = 0x0	R2 = 0x0	R3 = 0x1	R4 = 0xFFFFFFFE	R5 = 0x0	R6 = 0xFFFFFFFE	R7 = 0x0
Register file thread id 4:
	R0 = 0x0	R1 = 0x0	R2 = 0x0	R3 = 0x0	R4 = 0x0	R5 = 0x0	R6 = 0x0	R7 = 0x0
Register file thread id 5:
	R0 = 0x0	R1 = 0x0	R2 = 0x0	R3 = 0x2	R4 = 0x0	R5 = 0x2	R6 = 0x0	R7 = 0xFFFFFFFC
Blocked MT CPI for this program 3.040000

-----Finegrained MT Simulation -----

Register file thread id 0:
	R0 = 0xFFFFFFFC	R1 = 0xFFFFFFFF	R2 = 0x0	R3 = 0x0	R4 = 0x0	R5 = 0xFFFFFFFF	R6 = 0xFFFFFFFF	R7 = 0x0
Register file thread id 1:
	R0 = 0xFFFFFFFD	R1 = 0x0	R2 = 0x0	R3 = 0x0	R4 = 0x3	R5 = 0x1	R6 = 0x0	R7 = 0xFFFFFFFC
Register file thread id 2:
	R0 = 0x0	R1 = 0x0	R2 = 0x0	R3 = 0x4	R4 = 0x4	R5 = 0x0	R6 = 0x0	R7 = 0x0
Register file thread id 3:
	R0 = 0x0	R1 = 0x0	R2 = 0x0	R3 = 0x1	R4 = 0xFFFFFFFE	R5 = 0x0	R6 = 0xFFFFFFFE	R7 = 0x0
Register file thread id 4:
	R0 = 0x0	R1 = 0x0	R2 = 0x0	R3 = 0xFFFFFFFC	R4 = 0x0	R5 = 0x0	R6 = 0x0	R7 = 0x0
Register file thread id 5:
	R0 = 0x0	R1 = 0x0	R2 = 0x0	R3 = 0x2	R4 = 0x0	R5 = 0x2	R6 = 0x0	R7 = 0xFFFFFFFC
Finegrained Multithreading CPI for this program 1.140000

