
---- Blocked MT Simulation ----

Register file thread id 0:
	R0 = 0x0	R1 = 0x0	R2 = 0x0	R3 = 0x0	R4 = 0x0	R5 = 0x0	R6 = 0x3	R7 = 0x3
Register file thread id 1:
	R0 = 0xFFFFFFFC	R1 = 0x0	R2 = 0x0	R3 = 0xFFFFFFFA	R4 = 0x9	R5 = 0x0	R6 = 0x0	R7 = 0xFFFFFFFE
Register file thread id 2:
	R0 = 0x3	R1 = 0x3	R2 = 0x0	R3 = 0x0	R4 = 0x0	R5 = 0x0	R6 = 0x0	R7 = 0x0
Register file thread id 3:
	R0 = 0x0	R1 = 0x0	R2 = 0x0	R3 = 0x0	R4 = 0xFFFFFFFF	R5 = 0x2	R6 = 0x0	R7 = 0x0
Register file thread id 4:
	R0 = 0x0	R1 = 0x1	R2 = 0x0	R3 = 0xFFFFFFFE	R4 = 0x0	R5 = 0xFFFFFFFE	R6 = 0x0	R7 = 0x0
Register file thread id 5:
	R0 = 0x0	R1 = 0x0	R2 = 0x0	R3 = 0x0	R4 = 0x4	R5 = 0x0	R6 = 0x0	R7 = 0x0
Register file thread id 6:
	R0 = 0x0	R1 = 0x0	R2 = 0x0	R3 = 0xFFFFFFFE	R4 = 0x0	R5 = 0x0	R6 = 0x0	R7 = 0x0
Register file thread id 7:
	R0 = 0x0	R1 = 0x0	R2 = 0x0	R3 = 0x0	R4 = 0x0	R5 = 0x2	R6 = 0xFFFFFFFF	R7 = 0x0
Register file thread id 8:
	R0 = 0x0	R1 = 0x1	R2 = 0x0	R3 = 0x0	R4 = 0x0	R5 = 0x0	R6 = 0x3	R7 = 0x0
Register file thread id 9:
	R0 = 0x0	R1 = 0x0	R2 = 0xFFFFFFFF	R3 = 0x0	R4 = 0x0	R5 = 0x0	R6 = 0x0	R7 = 0xFFFFFFFC
Register file thread id 10:
	R0 = 0x0	R1 = 0x0	R2 = 0x7	R3 = 0x0	R4 = 0x0	R5 = 0x0	R6 = 0x0	R7 = 0x3
Register file thread id 11:
	R0 = 0x6	R1 = 0x5	R2 = 0x0	R3 = 0x1	R4 = 0x2	R5 = 0x0	R6 = 0x8	R7 = 0x0
Register file thread id 12:
	R0 = 0x0	R1 = 0xFFFFFFFF	R2 = 0x0	R3 = 0x0	R4 = 0x0	R5 = 0x4	R6 = 0x0	R7 = 0x0
Register file thread id 13:
	R0 = 0x0	R1 = 0x0	R2 = 0x0	R3 = 0x0	R4 = 0x0	R5 = 0x0	R6 = 0x0	R7 = 0x1
Register file thread id 14:
	R0 = 0x0	R1 = 0x0	R2 = 0x0	R3 = 0xFFFFFFFE	R4 = 0xFFFFFFFC	R5 = 0x0	R6 = 0x0	R7 = 0x0
Register file thread id 15:
	R0 = 0x0	R1 = 0xFFFFFFFC	R2 = 0x0	R3 = 0x0	R4 = 0xFFFFFFFD	R5 = 0x0	R6 = 0x0	R7 = 0x0
Register file thread id 16:
	R0 = 0xFFFFFFFF	R1 = 0x0	R2 = 0x0	R3 = 0x0	R4 = 0x0	R5 = 0x0	R6 = 0x0	R7 = 0x0
Register file thread id 17:
	R0 = 0x0	R1 = 0x0	R2 = 0x0	R3 = 0x0	R4 = 0x0	R5 = 0x3	R6 = 0x0	R7 = 0x0
Blocked MT CPI for this program 5.544776

-----Finegrained MT Simulation -----

Register file thread id 0:
	R0 = 0x0	R1 = 0x0	R2 = 0x0	R3 = 0x0	R4 = 0x0	R5 = 0x0	R6 = 0x3	R7 = 0x3
Register file thread id 1:
	R0 = 0xFFFFFFFC	R1 = 0x0	R2 = 0x0	R3 = 0xFFFFFFFA	R4 = 0xFFFFFFFD	R5 = 0x0	R6 = 0x0	R7 = 0xFFFFFFFE
Register file thread id 2:
	R0 = 0x3	R1 = 0x3	R2 = 0x0	R3 = 0x0	R4 = 0x0	R5 = 0x0	R6 = 0x0	R7 = 0x0
Register file thread id 3:
	R0 = 0x0	R1 = 0x0	R2 = 0x0	R3 = 0x0	R4 = 0xFFFFFFFF	R5 = 0x2	R6 = 0x0	R7 = 0x0
Register file thread id 4:
	R0 = 0x0	R1 = 0x1	R2 = 0x0	R3 = 0xFFFFFFFE	R4 = 0x0	R5 = 0xFFFFFFFE	R6 = 0x0	R7 = 0x0
Register file thread id 5:
	R0 = 0x0	R1 = 0x0	R2 = 0x0	R3 = 0x0	R4 = 0x4	R5 = 0x0	R6 = 0x0	R7 = 0x0
Register file thread id 6:
	R0 = 0x0	R1 = 0x0	R2 = 0x0	R3 = 0xFFFFFFFE	R4 = 0x0	R5 = 0x0	R6 = 0x0	R7 = 0x0
Register file thread id 7:
	R0 = 0x0	R1 = 0x0	R2 = 0x0	R3 = 0x0	R4 = 0x0	R5 = 0x2	R6 = 0xFFFFFFFF	R7 = 0x0
Register file thread id 8:
	R0 = 0x0	R1 = 0x1	R2 = 0x0	R3 = 0x0	R4 = 0x0	R5 = 0x0	R6 = 0x3	R7 = 0x0
Register file thread id 9:
	R0 = 0x0	R1 = 0x0	R2 = 0xFFFFFFFF	R3 = 0x0	R4 = 0x0	R5 = 0x0	R6 = 0x0	R7 = 0xFFFFFFFC
Register file thread id 10:
	R0 = 0x0	R1 = 0x0	R2 = 0x7	R3 = 0x0	R4 = 0x0	R5 = 0x0	R6 = 0x0	R7 = 0x3
Register file thread id 11:
	R0 = 0x6	R1 = 0x5	R2 = 0x2	R3 = 0x1	R4 = 0x2	R5 = 0x0	R6 = 0x0	R7 = 0x0
Register file thread id 12:
	R0 = 0x0	R1 = 0xFFFFFFFF	R2 = 0x0	R3 = 0x0	R4 = 0x0	R5 = 0x4	R6 = 0x0	R7 = 0x0
Register file thread id 13:
	R0 = 0x0	R1 = 0x0	R2 = 0x0	R3 = 0x0	R4 = 0x0	R5 = 0x0	R6 = 0x0	R7 = 0x1
Register file thread id 14:
	R0 = 0x0	R1 = 0x0	R2 = 0x0	R3 = 0xFFFFFFFE	R4 = 0xFFFFFFFC	R5 = 0x0	R6 = 0x0	R7 = 0x0
Register file thread id 15:
	R0 = 0x0	R1 = 0xFFFFFFFD	R2 = 0x0	R3 = 0x0	R4 = 0xFFFFFFFD	R5 = 0x0	R6 = 0x0	R7 = 0x0
Register file thread id 16:
	R0 = 0xFFFFFFFF	R1 = 0x0	R2 = 0x0	R3 = 0x0	R4 = 0x0	R5 = 0x0	R6 = 0x0	R7 = 0x0
Register file thread id 17:
	R0 = 0x0	R1 = 0x0	R2 = 0x0	R3 = 0x0	R4 = 0x0	R5 = 0x3	R6 = 0x0	R7 = 0x0
Finegrained Multithreading CPI for this program 1.089552

