
---- Blocked MT Simulation ----

Register file thread id 0:
	R0 = 0x0	R1 = 0x0	R2 = 0xFFFFFFFE	R3 = 0xFFFFFFFE	R4 = 0x0	R5 = 0x0	R6 = 0xFFFFFFFE	R7 = 0x0
Register file thread id 1:
	R0 = 0x0	R1 = 0x0	R2 = 0x0	R3 = 0x0	R4 = 0x1	R5 = 0x0	R6 = 0x0	R7 = 0x0
Register file thread id 2:
	R0 = 0xFFFFFFFB	R1 = 0x0	R2 = 0xFFFFFFFC	R3 = 0x0	R4 = 0xFFFFFFFC	R5 = 0x0	R6 = 0x0	R7 = 0xFFFFFFFF
Register file thread id 3:
	R0 = 0x0	R1 = 0x0	R2 = 0xFFFFFFFC	R3 = 0x4	R4 = 0x0	R5 = 0x0	R6 = 0x5	R7 = 0x0
Register file thread id 4:
	R0 = 0x6	R1 = 0x4	R2 = 0x0	R3 = 0x0	R4 = 0x0	R5 = 0x3	R6 = 0x0	R7 = 0x0
Register file thread id 5:
	R0 = 0x0	R1 = 0x4	R2 = 0x0	R3 = 0x0	R4 = 0x0	R5 = 0x0	R6 = 0x0	R7 = 0x0
Register file thread id 6:
	R0 = 0x0	R1 = 0x0	R2 = 0x1	R3 = 0x0	R4 = 0x2	R5 = 0x0	R6 = 0xFFFFFFFD	R7 = 0x2
Blocked MT CPI for this program 4.841270

-----Finegrained MT Simulation -----

Register file thread id 0:
	R0 = 0x0	R1 = 0x0	R2 = 0xFFFFFFFE	R3 = 0xFFFFFFFE	R4 = 0x0	R5 = 0x0	R6 = 0xFFFFFFFE	R7 = 0x0
Register file thread id 1:
	R0 = 0x0	R1 = 0x0	R2 = 0x0	R3 = 0x0	R4 = 0x1	R5 = 0x0	R6 = 0x0	R7 = 0x0
Register file thread id 2:
	R0 = 0xFFFFFFFB	R1 = 0x0	R2 = 0xFFFFFFFC	R3 = 0x0	R4 = 0xFFFFFFFC	R5 = 0x0	R6 = 0x0	R7 = 0xFFFFFFFF
Register file thread id 3:
	R0 = 0xFFFFFFFC	R1 = 0x0	R2 = 0x0	R3 = 0x4	R4 = 0x0	R5 = 0x0	R6 = 0x5	R7 = 0x0
Register file thread id 4:
	R0 = 0x6	R1 = 0x4	R2 = 0x0	R3 = 0x0	R4 = 0x0	R5 = 0x3	R6 = 0x0	R7 = 0xFFFFFFFC
Register file thread id 5:
	R0 = 0x0	R1 = 0x4	R2 = 0x0	R3 = 0x0	R4 = 0x0	R5 = 0x0	R6 = 0x0	R7 = 0x0
Register file thread id 6:
	R0 = 0x0	R1 = 0x0	R2 = 0x1	R3 = 0xFFFFFFFC	R4 = 0x2	R5 = 0x0	R6 = 0xFFFFFFFD	R7 = 0x2
Finegrained Multithreading CPI for this program 1.174603

