
---- Blocked MT Simulation ----

Register file thread id 0:
	R0 = 0x0	R1 = 0x0	R2 = 0x0	R3 = 0x0	R4 = 0x0	R5 = 0x4	R6 = 0x0	R7 = 0x0
Register file thread id 1:
	R0 = 0x0	R1 = 0x0	R2 = 0x0	R3 = 0xFFFFFFFA	R4 = 0x0	R5 = 0x0	R6 = 0x0	R7 = 0xFFFFFFFC
Register file thread id 2:
	R0 = 0x0	R1 = 0x0	R2 = 0x0	R3 = 0x0	R4 = 0xFFFFFFFD	R5 = 0x0	R6 = 0x0	R7 = 0x0
Register file thread id 3:
	R0 = 0x0	R1 = 0x0	R2 = 0x0	R3 = 0x0	R4 = 0x0	R5 = 0x0	R6 = 0x3	R7 = 0x2
Register file thread id 4:
	R0 = 0xFFFFFFFF	R1 = 0x0	R2 = 0x0	R3 = 0x0	R4 = 0xFFFFFFFB	R5 = 0x0	R6 = 0x0	R7 = 0xFFFFFFFB
Register file thread id 5:
	R0 = 0x0	R1 = 0xFFFFFFFC	R2 = 0x0	R3 = 0xFFFFFFFC	R4 = 0x2	R5 = 0x1	R6 = 0x4	R7 = 0x0
Register file thread id 6:
	R0 = 0x0	R1 = 0x0	R2 = 0x0	R3 = 0x0	R4 = 0x0	R5 = 0x0	R6 = 0x0	R7 = 0x0
Register file thread id 7:
	R0 = 0x0	R1 = 0xFFFFFFFE	R2 = 0x0	R3 = 0x0	R4 = 0xFFFFFFFE	R5 = 0x0	R6 = 0x0	R7 = 0x0
Register file thread id 8:
	R0 = 0x0	R1 = 0x0	R2 = 0x0	R3 = 0x0	R4 = 0x2	R5 = 0x0	R6 = 0x0	R7 = 0x0
Register file thread id 9:
	R0 = 0x0	R1 = 0x0	R2 = 0x0	R3 = 0x1	R4 = 0x0	R5 = 0xFFFFFFFD	R6 = 0x0	R7 = 0x0
Register file thread id 10:
	R0 = 0x0	R1 = 0xFFFFFFFD	R2 = 0x0	R3 = 0x0	R4 = 0x0	R5 = 0x0	R6 = 0xFFFFFFFD	R7 = 0x1
Blocked MT CPI for this program 4.337209

-----Finegrained MT Simulation -----

Register file thread id 0:
	R0 = 0x0	R1 = 0x0	R2 = 0x0	R3 = 0x0	R4 = 0x0	R5 = 0x4	R6 = 0x0	R7 = 0x0
Register file thread id 1:
	R0 = 0x0	R1 = 0x0	R2 = 0x0	R3 = 0xFFFFFFFA	R4 = 0x0	R5 = 0x0	R6 = 0x0	R7 = 0xFFFFFFFC
Register file thread id 2:
	R0 = 0x0	R1 = 0x0	R2 = 0x0	R3 = 0x0	R4 = 0xFFFFFFFD	R5 = 0x0	R6 = 0x0	R7 = 0x0
Register file thread id 3:
	R0 = 0x0	R1 = 0x0	R2 = 0x0	R3 = 0x0	R4 = 0x0	R5 = 0x0	R6 = 0x3	R7 = 0x2
Register file thread id 4:
	R0 = 0xFFFFFFFF	R1 = 0x0	R2 = 0x0	R3 = 0x0	R4 = 0xFFFFFFFB	R5 = 0x0	R6 = 0x0	R7 = 0xFFFFFFFB
Register file thread id 5:
	R0 = 0x0	R1 = 0xFFFFFFFC	R2 = 0x0	R3 = 0xFFFFFFFC	R4 = 0x2	R5 = 0x1	R6 = 0x4	R7 = 0x0
Register file thread id 6:
	R0 = 0x0	R1 = 0x0	R2 = 0x0	R3 = 0x0	R4 = 0x0	R5 = 0x0	R6 = 0x0	R7 = 0x0
Register file thread id 7:
	R0 = 0x0	R1 = 0xFFFFFFFE	R2 = 0x0	R3 = 0xFFFFFFFD	R4 = 0xFFFFFFFE	R5 = 0x0	R6 = 0x0	R7 = 0x0
Register file thread id 8:
	R0 = 0x0	R1 = 0x0	R2 = 0x0	R3 = 0x0	R4 = 0x2	R5 = 0x0	R6 = 0x0	R7 = 0x0
Register file thread id 9:
	R0 = 0x0	R1 = 0x0	R2 = 0x0	R3 = 0x1	R4 = 0x0	R5 = 0xFFFFFFFD	R6 = 0x0	R7 = 0x0
Register file thread id 10:
	R0 = 0x0	R1 = 0xFFFFFFFD	R2 = 0x0	R3 = 0x0	R4 = 0x0	R5 = 0x0	R6 = 0xFFFFFFFD	R7 = 0x1
Finegrained Multithreading CPI for this program 1.011628

