
---- Blocked MT Simulation ----

Register file thread id 0:
	R0 = 0x0	R1 = 0xA	R2 = 0x0	R3 = 0xFFFFFFFF	R4 = 0x0	R5 = 0x0	R6 = 0x0	R7 = 0x0
Register file thread id 1:
	R0 = 0xFFFFFFFF	R1 = 0x0	R2 = 0xFFFFFFFF	R3 = 0x0	R4 = 0xFFFFFFFE	R5 = 0x0	R6 = 0x3	R7 = 0x0
Register file thread id 2:
	R0 = 0x0	R1 = 0x0	R2 = 0x0	R3 = 0x0	R4 = 0x4	R5 = 0x1	R6 = 0x0	R7 = 0x0
Register file thread id 3:
	R0 = 0x0	R1 = 0xFFFFFFFC	R2 = 0xFFFFFFFD	R3 = 0x0	R4 = 0x0	R5 = 0x2	R6 = 0x0	R7 = 0x0
Register file thread id 4:
	R0 = 0x0	R1 = 0xFFFFFFFC	R2 = 0x0	R3 = 0x0	R4 = 0x0	R5 = 0x3	R6 = 0xFFFFFFF9	R7 = 0x0
Blocked MT CPI for this program 4.823529

-----Finegrained MT Simulation -----

Register file thread id 0:
	R0 = 0x0	R1 = 0x0	R2 = 0x0	R3 = 0xFFFFFFFF	R4 = 0x0	R5 = 0x0	R6 = 0x0	R7 = 0x0
Register file thread id 1:
	R0 = 0xFFFFFFFF	R1 = 0x0	R2 = 0xFFFFFFFF	R3 = 0x0	R4 = 0xFFFFFFFE	R5 = 0x0	R6 = 0x3	R7 = 0x0
Register file thread id 2:
	R0 = 0x0	R1 = 0x0	R2 = 0x0	R3 = 0x0	R4 = 0x4	R5 = 0x1	R6 = 0x0	R7 = 0x0
Register file thread id 3:
	R0 = 0x0	R1 = 0xFFFFFFFC	R2 = 0xFFFFFFFD	R3 = 0x0	R4 = 0x0	R5 = 0x2	R6 = 0x0	R7 = 0x0
Register file thread id 4:
	R0 = 0x0	R1 = 0xFFFFFFFC	R2 = 0x0	R3 = 0x0	R4 = 0x0	R5 = 0x3	R6 = 0xFFFFFFF9	R7 = 0x0
Finegrained Multithreading CPI for this program 1.509804

