
---- Blocked MT Simulation ----

Register file thread id 0:
	R0 = 0x0	R1 = 0x0	R2 = 0x0	R3 = 0x0	R4 = 0x0	R5 = 0x0	R6 = 0x0	R7 = 0xFFFFFFFE
Register file thread id 1:
	R0 = 0x0	R1 = 0x0	R2 = 0x0	R3 = 0x0	R4 = 0x2	R5 = 0xFFFFFFFF	R6 = 0x0	R7 = 0x0
Register file thread id 2:
	R0 = 0x0	R1 = 0x0	R2 = 0x0	R3 = 0xFFFFFFFF	R4 = 0x0	R5 = 0x0	R6 = 0x0	R7 = 0x0
Register file thread id 3:
	R0 = 0xFFFFFFFD	R1 = 0x0	R2 = 0x4	R3 = 0x0	R4 = 0x0	R5 = 0x0	R6 = 0x0	R7 = 0x1
Register file thread id 4:
	R0 = 0xFFFFFFFF	R1 = 0x3	R2 = 0x1	R3 = 0x0	R4 = 0x0	R5 = 0x1	R6 = 0x0	R7 = 0xFFFFFFFF
Register file thread id 5:
	R0 = 0x0	R1 = 0x0	R2 = 0x4	R3 = 0x0	R4 = 0x0	R5 = 0x0	R6 = 0x0	R7 = 0x4
Register file thread id 6:
	R0 = 0x0	R1 = 0x0	R2 = 0x1	R3 = 0x0	R4 = 0x0	R5 = 0xFFFFFFFC	R6 = 0x2	R7 = 0x0
Register file thread id 7:
	R0 = 0x1	R1 = 0x0	R2 = 0x0	R3 = 0x3	R4 = 0x0	R5 = 0x0	R6 = 0x0	R7 = 0x0
Register file thread id 8:
	R0 = 0xFFFFFFFE	R1 = 0x0	R2 = 0x0	R3 = 0x3	R4 = 0x0	R5 = 0xFFFFFFFF	R6 = 0x0	R7 = 0xFFFFFFFD
Register file thread id 9:
	R0 = 0xFFFFFFFD	R1 = 0x0	R2 = 0x0	R3 = 0x0	R4 = 0x0	R5 = 0x0	R6 = 0x0	R7 = 0x0
Register file thread id 10:
	R0 = 0x0	R1 = 0x0	R2 = 0x0	R3 = 0x0	R4 = 0x0	R5 = 0x0	R6 = 0x4	R7 = 0xFFFFFFFC
Register file thread id 11:
	R0 = 0x0	R1 = 0x0	R2 = 0x0	R3 = 0x0	R4 = 0x0	R5 = 0x4	R6 = 0x0	R7 = 0xFFFFFFFE
Register file thread id 12:
	R0 = 0x0	R1 = 0x0	R2 = 0x2	R3 = 0x0	R4 = 0x0	R5 = 0x6	R6 = 0x0	R7 = 0x0
Register file thread id 13:
	R0 = 0x0	R1 = 0x0	R2 = 0x0	R3 = 0x0	R4 = 0x0	R5 = 0x0	R6 = 0x0	R7 = 0x0
Register file thread id 14:
	R0 = 0xFFFFFFFD	R1 = 0x0	R2 = 0x0	R3 = 0x0	R4 = 0x0	R5 = 0x0	R6 = 0x0	R7 = 0x0
Blocked MT CPI for this program 4.531532

-----Finegrained MT Simulation -----

Register file thread id 0:
	R0 = 0x4	R1 = 0x0	R2 = 0x0	R3 = 0x0	R4 = 0xFFFFFFFE	R5 = 0x0	R6 = 0x0	R7 = 0x2
Register file thread id 1:
	R0 = 0x0	R1 = 0x0	R2 = 0x0	R3 = 0x0	R4 = 0x2	R5 = 0xFFFFFFFF	R6 = 0x0	R7 = 0x0
Register file thread id 2:
	R0 = 0x0	R1 = 0x0	R2 = 0x0	R3 = 0x4	R4 = 0x0	R5 = 0x0	R6 = 0x0	R7 = 0x0
Register file thread id 3:
	R0 = 0xFFFFFFFD	R1 = 0x0	R2 = 0x4	R3 = 0x0	R4 = 0x0	R5 = 0x0	R6 = 0x4	R7 = 0x1
Register file thread id 4:
	R0 = 0xFFFFFFFF	R1 = 0x3	R2 = 0x1	R3 = 0x0	R4 = 0x0	R5 = 0x0	R6 = 0x0	R7 = 0xFFFFFFFF
Register file thread id 5:
	R0 = 0x0	R1 = 0x0	R2 = 0x4	R3 = 0x0	R4 = 0x0	R5 = 0x0	R6 = 0x0	R7 = 0x4
Register file thread id 6:
	R0 = 0x0	R1 = 0x0	R2 = 0x0	R3 = 0x0	R4 = 0x0	R5 = 0xFFFFFFFC	R6 = 0x2	R7 = 0x0
Register file thread id 7:
	R0 = 0x1	R1 = 0x0	R2 = 0x4	R3 = 0x3	R4 = 0x0	R5 = 0x0	R6 = 0x0	R7 = 0x0
Register file thread id 8:
	R0 = 0xFFFFFFFE	R1 = 0x0	R2 = 0x0	R3 = 0x3	R4 = 0x0	R5 = 0xFFFFFFFF	R6 = 0x0	R7 = 0xFFFFFFFD
Register file thread id 9:
	R0 = 0xFFFFFFFD	R1 = 0x0	R2 = 0x0	R3 = 0x0	R4 = 0x0	R5 = 0x0	R6 = 0x0	R7 = 0x0
Register file thread id 10:
	R0 = 0x0	R1 = 0x0	R2 = 0x0	R3 = 0x0	R4 = 0x0	R5 = 0x0	R6 = 0x4	R7 = 0xFFFFFFFC
Register file thread id 11:
	R0 = 0x0	R1 = 0x0	R2 = 0x0	R3 = 0x0	R4 = 0x0	R5 = 0x4	R6 = 0x0	R7 = 0xFFFFFFFE
Register file thread id 12:
	R0 = 0x0	R1 = 0x0	R2 = 0x2	R3 = 0x0	R4 = 0x0	R5 = 0x6	R6 = 0x0	R7 = 0x0
Register file thread id 13:
	R0 = 0x0	R1 = 0x0	R2 = 0x0	R3 = 0x0	R4 = 0x0	R5 = 0x0	R6 = 0x0	R7 = 0x0
Register file thread id 14:
	R0 = 0xFFFFFFFD	R1 = 0x0	R2 = 0x0	R3 = 0x0	R4 = 0x0	R5 = 0x0	R6 = 0x0	R7 = 0x0
Finegrained Multithreading CPI for this program 1.045045

