
---- Blocked MT Simulation ----

Register file thread id 0:
	R0 = 0xFFFFFFFF	R1 = 0xFFFFFFFF	R2 = 0x0	R3 = 0xFFFFFFFF	R4 = 0x0	R5 = 0x3	R6 = 0x4	R7 = 0xFFFFFFFF
Register file thread id 1:
	R0 = 0xFFFFFFF4	R1 = 0x2	R2 = 0xFFFFFFF8	R3 = 0xFFFFFFF0	R4 = 0xFFFFFFFC	R5 = 0xFFFFFFFF	R6 = 0x0	R7 = 0xFFFFFFF8
Register file thread id 2:
	R0 = 0x0	R1 = 0x0	R2 = 0x0	R3 = 0x0	R4 = 0x0	R5 = 0x0	R6 = 0xFFFFFFFD	R7 = 0x0
Register file thread id 3:
	R0 = 0x0	R1 = 0x0	R2 = 0x0	R3 = 0x3	R4 = 0x2	R5 = 0x0	R6 = 0x0	R7 = 0x0
Register file thread id 4:
	R0 = 0x0	R1 = 0x0	R2 = 0x0	R3 = 0x0	R4 = 0x0	R5 = 0x4	R6 = 0x0	R7 = 0x0
Register file thread id 5:
	R0 = 0x0	R1 = 0x0	R2 = 0x0	R3 = 0x0	R4 = 0x0	R5 = 0x0	R6 = 0x0	R7 = 0x0
Register file thread id 6:
	R0 = 0x0	R1 = 0x0	R2 = 0x0	R3 = 0x0	R4 = 0x0	R5 = 0x0	R6 = 0x0	R7 = 0x0
Blocked MT CPI for this program 4.000000

-----Finegrained MT Simulation -----

Register file thread id 0:
	R0 = 0xFFFFFFFF	R1 = 0xFFFFFFFF	R2 = 0x0	R3 = 0xFFFFFFFF	R4 = 0x0	R5 = 0x3	R6 = 0x4	R7 = 0xFFFFFFFF
Register file thread id 1:
	R0 = 0xFFFFFFF4	R1 = 0x2	R2 = 0xFFFFFFF8	R3 = 0xFFFFFFF0	R4 = 0xFFFFFFFC	R5 = 0xFFFFFFFF	R6 = 0x0	R7 = 0xFFFFFFF8
Register file thread id 2:
	R0 = 0x0	R1 = 0x0	R2 = 0x0	R3 = 0x0	R4 = 0x0	R5 = 0x0	R6 = 0xFFFFFFFD	R7 = 0x0
Register file thread id 3:
	R0 = 0x0	R1 = 0x0	R2 = 0x0	R3 = 0x3	R4 = 0x2	R5 = 0x0	R6 = 0x0	R7 = 0x0
Register file thread id 4:
	R0 = 0x0	R1 = 0x0	R2 = 0x0	R3 = 0x0	R4 = 0x0	R5 = 0x4	R6 = 0x0	R7 = 0x0
Register file thread id 5:
	R0 = 0x0	R1 = 0x0	R2 = 0x0	R3 = 0x0	R4 = 0x0	R5 = 0x0	R6 = 0x0	R7 = 0x0
Register file thread id 6:
	R0 = 0x0	R1 = 0x0	R2 = 0x0	R3 = 0x0	R4 = 0x0	R5 = 0x0	R6 = 0x0	R7 = 0x0
Finegrained Multithreading CPI for this program 1.381818

