
---- Blocked MT Simulation ----

Register file thread id 0:
	R0 = 0x0	R1 = 0x9	R2 = 0x0	R3 = 0xFFFFFFFC	R4 = 0x0	R5 = 0x8	R6 = 0x0	R7 = 0x4
Register file thread id 1:
	R0 = 0x0	R1 = 0x9	R2 = 0x0	R3 = 0x0	R4 = 0x9	R5 = 0x0	R6 = 0x9	R7 = 0x0
Register file thread id 2:
	R0 = 0x4	R1 = 0x0	R2 = 0x0	R3 = 0x7	R4 = 0x3	R5 = 0x2	R6 = 0x8	R7 = 0x3
Register file thread id 3:
	R0 = 0x3	R1 = 0x0	R2 = 0x0	R3 = 0xFFFFFFFF	R4 = 0xFFFFFFFE	R5 = 0x0	R6 = 0x3	R7 = 0x0
Register file thread id 4:
	R0 = 0xFFFFFFFE	R1 = 0x0	R2 = 0x0	R3 = 0x0	R4 = 0x0	R5 = 0xFFFFFFFF	R6 = 0x0	R7 = 0x0
Blocked MT CPI for this program 3.047619

-----Finegrained MT Simulation -----

Register file thread id 0:
	R0 = 0x0	R1 = 0x0	R2 = 0x0	R3 = 0xFFFFFFFC	R4 = 0x0	R5 = 0x8	R6 = 0x0	R7 = 0x4
Register file thread id 1:
	R0 = 0x0	R1 = 0x0	R2 = 0x0	R3 = 0x0	R4 = 0x0	R5 = 0x0	R6 = 0x0	R7 = 0x0
Register file thread id 2:
	R0 = 0x4	R1 = 0x0	R2 = 0x0	R3 = 0x7	R4 = 0x3	R5 = 0x2	R6 = 0x0	R7 = 0x3
Register file thread id 3:
	R0 = 0x3	R1 = 0x0	R2 = 0x0	R3 = 0xFFFFFFFF	R4 = 0xFFFFFFFE	R5 = 0x0	R6 = 0x3	R7 = 0x0
Register file thread id 4:
	R0 = 0xFFFFFFFE	R1 = 0x0	R2 = 0x0	R3 = 0x0	R4 = 0x0	R5 = 0xFFFFFFFF	R6 = 0x0	R7 = 0x0
Finegrained Multithreading CPI for this program 1.357143

