
---- Blocked MT Simulation ----

Register file thread id 0:
	R0 = 0x0	R1 = 0x0	R2 = 0xFFFFFFFF	R3 = 0x3	R4 = 0x0	R5 = 0x0	R6 = 0x0	R7 = 0x0
Register file thread id 1:
	R0 = 0x0	R1 = 0x0	R2 = 0xFFFFFFFE	R3 = 0x0	R4 = 0x0	R5 = 0x2	R6 = 0x0	R7 = 0x0
Register file thread id 2:
	R0 = 0x0	R1 = 0x0	R2 = 0x0	R3 = 0x4	R4 = 0x6	R5 = 0x6	R6 = 0x0	R7 = 0xFFFFFFFC
Register file thread id 3:
	R0 = 0x0	R1 = 0x0	R2 = 0x0	R3 = 0x0	R4 = 0x0	R5 = 0x0	R6 = 0x4	R7 = 0x0
Register file thread id 4:
	R0 = 0x0	R1 = 0x0	R2 = 0x0	R3 = 0x0	R4 = 0xFFFFFFFF	R5 = 0xFFFFFFFF	R6 = 0x0	R7 = 0x0
Blocked MT CPI for this program 4.472222

-----Finegrained MT Simulation -----

Register file thread id 0:
	R0 = 0x0	R1 = 0x0	R2 = 0xFFFFFFFF	R3 = 0x3	R4 = 0x0	R5 = 0x0	R6 = 0x0	R7 = 0x0
Register file thread id 1:
	R0 = 0x0	R1 = 0x0	R2 = 0xFFFFFFFE	R3 = 0x0	R4 = 0x0	R5 = 0x2	R6 = 0x0	R7 = 0x0
Register file thread id 2:
	R0 = 0x0	R1 = 0x0	R2 = 0x0	R3 = 0x4	R4 = 0x0	R5 = 0x0	R6 = 0x0	R7 = 0xFFFFFFFC
Register file thread id 3:
	R0 = 0x0	R1 = 0x0	R2 = 0x0	R3 = 0x0	R4 = 0x0	R5 = 0x0	R6 = 0x4	R7 = 0x0
Register file thread id 4:
	R0 = 0x0	R1 = 0x0	R2 = 0x0	R3 = 0x0	R4 = 0xFFFFFFFF	R5 = 0xFFFFFFFF	R6 = 0x0	R7 = 0x0
Finegrained Multithreading CPI for this program 1.694444

