
---- Blocked MT Simulation ----

Register file thread id 0:
	R0 = 0x4	R1 = 0x2	R2 = 0x0	R3 = 0xFFFFFFFF	R4 = 0x1	R5 = 0x0	R6 = 0x0	R7 = 0x0
Register file thread id 1:
	R0 = 0x0	R1 = 0x0	R2 = 0x0	R3 = 0x0	R4 = 0x0	R5 = 0x0	R6 = 0x0	R7 = 0x0
Register file thread id 2:
	R0 = 0x0	R1 = 0x0	R2 = 0xFFFFFFFB	R3 = 0x3	R4 = 0x0	R5 = 0x0	R6 = 0xFFFFFFFD	R7 = 0xFFFFFFFB
Register file thread id 3:
	R0 = 0x0	R1 = 0x0	R2 = 0x0	R3 = 0xFFFFFFFE	R4 = 0x3	R5 = 0x0	R6 = 0x0	R7 = 0x4
Register file thread id 4:
	R0 = 0x0	R1 = 0x0	R2 = 0xFFFFFFFE	R3 = 0x0	R4 = 0x0	R5 = 0x0	R6 = 0x1	R7 = 0x0
Register file thread id 5:
	R0 = 0xFFFFFFFC	R1 = 0x0	R2 = 0x0	R3 = 0x0	R4 = 0x0	R5 = 0x0	R6 = 0x0	R7 = 0x0
Register file thread id 6:
	R0 = 0x2	R1 = 0x0	R2 = 0x0	R3 = 0x0	R4 = 0x0	R5 = 0x0	R6 = 0xFFFFFFFE	R7 = 0x0
Register file thread id 7:
	R0 = 0x0	R1 = 0x4	R2 = 0x1	R3 = 0x0	R4 = 0x2	R5 = 0x0	R6 = 0x5	R7 = 0x0
Register file thread id 8:
	R0 = 0x0	R1 = 0x0	R2 = 0x0	R3 = 0x1	R4 = 0x0	R5 = 0x0	R6 = 0x0	R7 = 0x0
Register file thread id 9:
	R0 = 0xFFFFFFFE	R1 = 0x0	R2 = 0x0	R3 = 0x0	R4 = 0x0	R5 = 0x0	R6 = 0xFFFFFFFC	R7 = 0xFFFFFFFB
Register file thread id 10:
	R0 = 0x0	R1 = 0x0	R2 = 0x0	R3 = 0x0	R4 = 0xFFFFFFFD	R5 = 0xFFFFFFFE	R6 = 0x1	R7 = 0x2
Register file thread id 11:
	R0 = 0xFFFFFFFE	R1 = 0x0	R2 = 0xFFFFFFFE	R3 = 0xFFFFFFFE	R4 = 0x0	R5 = 0x0	R6 = 0x0	R7 = 0x0
Register file thread id 12:
	R0 = 0x0	R1 = 0x0	R2 = 0x0	R3 = 0x0	R4 = 0x0	R5 = 0x0	R6 = 0xFFFFFFFE	R7 = 0x2
Register file thread id 13:
	R0 = 0x0	R1 = 0x0	R2 = 0x0	R3 = 0x0	R4 = 0x0	R5 = 0x0	R6 = 0xFFFFFFFF	R7 = 0x0
Register file thread id 14:
	R0 = 0x1	R1 = 0x1	R2 = 0x0	R3 = 0x0	R4 = 0x0	R5 = 0xFFFFFFFD	R6 = 0x0	R7 = 0x0
Register file thread id 15:
	R0 = 0x0	R1 = 0x0	R2 = 0x0	R3 = 0x0	R4 = 0x0	R5 = 0x0	R6 = 0x0	R7 = 0x0
Register file thread id 16:
	R0 = 0xFFFFFFFE	R1 = 0x6	R2 = 0x0	R3 = 0x0	R4 = 0x0	R5 = 0xFFFFFFFE	R6 = 0x3	R7 = 0x0
Blocked MT CPI for this program 5.521739

-----Finegrained MT Simulation -----

Register file thread id 0:
	R0 = 0x4	R1 = 0x2	R2 = 0x0	R3 = 0xFFFFFFFF	R4 = 0x1	R5 = 0xFFFFFFFE	R6 = 0x0	R7 = 0x0
Register file thread id 1:
	R0 = 0x0	R1 = 0x0	R2 = 0x0	R3 = 0x0	R4 = 0x0	R5 = 0x0	R6 = 0x0	R7 = 0x0
Register file thread id 2:
	R0 = 0x0	R1 = 0x0	R2 = 0xFFFFFFFB	R3 = 0x3	R4 = 0x0	R5 = 0x0	R6 = 0xFFFFFFFD	R7 = 0xFFFFFFFB
Register file thread id 3:
	R0 = 0x0	R1 = 0x0	R2 = 0x0	R3 = 0xFFFFFFFE	R4 = 0x3	R5 = 0x0	R6 = 0x0	R7 = 0x4
Register file thread id 4:
	R0 = 0x0	R1 = 0x0	R2 = 0xFFFFFFFE	R3 = 0x0	R4 = 0x0	R5 = 0x0	R6 = 0x1	R7 = 0x0
Register file thread id 5:
	R0 = 0xFFFFFFFC	R1 = 0x0	R2 = 0x0	R3 = 0x0	R4 = 0x0	R5 = 0x0	R6 = 0x0	R7 = 0x0
Register file thread id 6:
	R0 = 0x2	R1 = 0x0	R2 = 0x0	R3 = 0x0	R4 = 0x0	R5 = 0x0	R6 = 0xFFFFFFFE	R7 = 0x0
Register file thread id 7:
	R0 = 0x0	R1 = 0x4	R2 = 0x1	R3 = 0x0	R4 = 0x2	R5 = 0x0	R6 = 0x5	R7 = 0x0
Register file thread id 8:
	R0 = 0x0	R1 = 0x0	R2 = 0x0	R3 = 0x1	R4 = 0x0	R5 = 0x0	R6 = 0x0	R7 = 0x0
Register file thread id 9:
	R0 = 0x0	R1 = 0x0	R2 = 0x0	R3 = 0x0	R4 = 0x0	R5 = 0x0	R6 = 0xFFFFFFFC	R7 = 0xFFFFFFFB
Register file thread id 10:
	R0 = 0x0	R1 = 0x0	R2 = 0x0	R3 = 0x0	R4 = 0xFFFFFFFD	R5 = 0xFFFFFFFE	R6 = 0x1	R7 = 0x2
Register file thread id 11:
	R0 = 0xFFFFFFFE	R1 = 0x0	R2 = 0xFFFFFFFE	R3 = 0xFFFFFFFE	R4 = 0x0	R5 = 0x0	R6 = 0x0	R7 = 0x0
Register file thread id 12:
	R0 = 0x0	R1 = 0x0	R2 = 0x0	R3 = 0x0	R4 = 0x0	R5 = 0x0	R6 = 0xFFFFFFFE	R7 = 0x2
Register file thread id 13:
	R0 = 0x0	R1 = 0x0	R2 = 0x0	R3 = 0x0	R4 = 0x0	R5 = 0x0	R6 = 0xFFFFFFFF	R7 = 0x0
Register file thread id 14:
	R0 = 0x1	R1 = 0x1	R2 = 0x0	R3 = 0x0	R4 = 0x0	R5 = 0xFFFFFFFD	R6 = 0x0	R7 = 0x0
Register file thread id 15:
	R0 = 0x0	R1 = 0x0	R2 = 0x0	R3 = 0x0	R4 = 0x0	R5 = 0x0	R6 = 0x0	R7 = 0x0
Register file thread id 16:
	R0 = 0xFFFFFFFE	R1 = 0x6	R2 = 0x0	R3 = 0x0	R4 = 0x0	R5 = 0xFFFFFFFE	R6 = 0x3	R7 = 0x0
Finegrained Multithreading CPI for this program 1.050725

