
---- Blocked MT Simulation ----

Register file thread id 0:
	R0 = 0x0	R1 = 0x0	R2 = 0x0	R3 = 0x2	R4 = 0x0	R5 = 0xFFFFFFFF	R6 = 0xFFFFFFFC	R7 = 0x0
Register file thread id 1:
	R0 = 0x0	R1 = 0x0	R2 = 0x0	R3 = 0x1	R4 = 0x0	R5 = 0x0	R6 = 0x0	R7 = 0x0
Register file thread id 2:
	R0 = 0x0	R1 = 0x0	R2 = 0x0	R3 = 0xFFFFFFFE	R4 = 0x0	R5 = 0x0	R6 = 0x0	R7 = 0x0
Register file thread id 3:
	R0 = 0x0	R1 = 0x0	R2 = 0x0	R3 = 0xFFFFFFFC	R4 = 0xFFFFFFFC	R5 = 0x0	R6 = 0x4	R7 = 0xFFFFFFFE
Register file thread id 4:
	R0 = 0x0	R1 = 0xFFFFFFFE	R2 = 0x0	R3 = 0xFFFFFFFE	R4 = 0x0	R5 = 0x0	R6 = 0x0	R7 = 0x1
Blocked MT CPI for this program 4.244444

-----Finegrained MT Simulation -----

Register file thread id 0:
	R0 = 0x0	R1 = 0x0	R2 = 0x0	R3 = 0x2	R4 = 0x0	R5 = 0xFFFFFFFF	R6 = 0xFFFFFFFC	R7 = 0x0
Register file thread id 1:
	R0 = 0x0	R1 = 0x0	R2 = 0x0	R3 = 0x1	R4 = 0x0	R5 = 0x0	R6 = 0x0	R7 = 0x0
Register file thread id 2:
	R0 = 0x0	R1 = 0x0	R2 = 0x0	R3 = 0xFFFFFFFE	R4 = 0x0	R5 = 0x0	R6 = 0x0	R7 = 0x0
Register file thread id 3:
	R0 = 0x0	R1 = 0x0	R2 = 0x0	R3 = 0xFFFFFFFC	R4 = 0xFFFFFFFC	R5 = 0x0	R6 = 0x4	R7 = 0xFFFFFFFE
Register file thread id 4:
	R0 = 0x0	R1 = 0xFFFFFFFE	R2 = 0x0	R3 = 0xFFFFFFFE	R4 = 0x0	R5 = 0x0	R6 = 0x0	R7 = 0x1
Finegrained Multithreading CPI for this program 1.244444

