
---- Blocked MT Simulation ----

Register file thread id 0:
	R0 = 0x0	R1 = 0x8	R2 = 0xA	R3 = 0xFFFFFFFC	R4 = 0x5	R5 = 0xFFFFFFFC	R6 = 0x4	R7 = 0xE
Register file thread id 1:
	R0 = 0xFFFFFFFF	R1 = 0xFFFFFFFA	R2 = 0xFFFFFFFD	R3 = 0x2	R4 = 0x1	R5 = 0x0	R6 = 0xFFFFFFFE	R7 = 0x0
Register file thread id 2:
	R0 = 0x0	R1 = 0x0	R2 = 0xA	R3 = 0x0	R4 = 0xFFFFFFFE	R5 = 0x0	R6 = 0x0	R7 = 0x0
Register file thread id 3:
	R0 = 0x0	R1 = 0x0	R2 = 0x0	R3 = 0x0	R4 = 0x0	R5 = 0x0	R6 = 0x0	R7 = 0x0
Register file thread id 4:
	R0 = 0x0	R1 = 0x0	R2 = 0x2	R3 = 0x0	R4 = 0x0	R5 = 0x0	R6 = 0x4	R7 = 0x0
Register file thread id 5:
	R0 = 0x0	R1 = 0x0	R2 = 0x0	R3 = 0x0	R4 = 0x0	R5 = 0x0	R6 = 0x0	R7 = 0x0
Register file thread id 6:
	R0 = 0x0	R1 = 0x1	R2 = 0x0	R3 = 0x4	R4 = 0x0	R5 = 0x0	R6 = 0x0	R7 = 0x1
Register file thread id 7:
	R0 = 0x0	R1 = 0x0	R2 = 0x0	R3 = 0x0	R4 = 0x0	R5 = 0x0	R6 = 0x0	R7 = 0x3
Blocked MT CPI for this program 3.338462

-----Finegrained MT Simulation -----

Register file thread id 0:
	R0 = 0x0	R1 = 0x8	R2 = 0x0	R3 = 0xFFFFFFFC	R4 = 0x0	R5 = 0xFFFFFFFC	R6 = 0x4	R7 = 0x4
Register file thread id 1:
	R0 = 0xFFFFFFFF	R1 = 0xFFFFFFFA	R2 = 0xFFFFFFFD	R3 = 0x2	R4 = 0x1	R5 = 0x0	R6 = 0xFFFFFFFE	R7 = 0x0
Register file thread id 2:
	R0 = 0x0	R1 = 0x0	R2 = 0x0	R3 = 0x0	R4 = 0xFFFFFFFE	R5 = 0x0	R6 = 0x0	R7 = 0x0
Register file thread id 3:
	R0 = 0x0	R1 = 0x0	R2 = 0x0	R3 = 0x0	R4 = 0x0	R5 = 0x0	R6 = 0x0	R7 = 0x0
Register file thread id 4:
	R0 = 0x0	R1 = 0x0	R2 = 0x2	R3 = 0x0	R4 = 0x0	R5 = 0x0	R6 = 0x4	R7 = 0x0
Register file thread id 5:
	R0 = 0x0	R1 = 0x0	R2 = 0x0	R3 = 0x0	R4 = 0x0	R5 = 0x0	R6 = 0x0	R7 = 0x0
Register file thread id 6:
	R0 = 0x0	R1 = 0x1	R2 = 0x0	R3 = 0x4	R4 = 0x0	R5 = 0x0	R6 = 0x0	R7 = 0x1
Register file thread id 7:
	R0 = 0x0	R1 = 0x0	R2 = 0x0	R3 = 0x0	R4 = 0x0	R5 = 0x0	R6 = 0x0	R7 = 0x3
Finegrained Multithreading CPI for this program 1.138462

