
---- Blocked MT Simulation ----

Register file thread id 0:
	R0 = 0x0	R1 = 0x4	R2 = 0x0	R3 = 0x0	R4 = 0x8	R5 = 0x0	R6 = 0x4	R7 = 0xFFFFFFFE
Register file thread id 1:
	R0 = 0x0	R1 = 0x6	R2 = 0xFFFFFFFE	R3 = 0xFFFFFFFF	R4 = 0xFFFFFFFE	R5 = 0x0	R6 = 0xFFFFFFFD	R7 = 0xFFFFFFFA
Register file thread id 2:
	R0 = 0x0	R1 = 0x0	R2 = 0x6	R3 = 0x0	R4 = 0x6	R5 = 0x1	R6 = 0x0	R7 = 0x0
Register file thread id 3:
	R0 = 0x0	R1 = 0xFFFFFFFE	R2 = 0x0	R3 = 0x0	R4 = 0x0	R5 = 0x0	R6 = 0x0	R7 = 0x2
Register file thread id 4:
	R0 = 0x0	R1 = 0x0	R2 = 0x0	R3 = 0x0	R4 = 0x4	R5 = 0x0	R6 = 0x0	R7 = 0x5
Register file thread id 5:
	R0 = 0x0	R1 = 0x0	R2 = 0xFFFFFFFF	R3 = 0x0	R4 = 0x6	R5 = 0x0	R6 = 0x0	R7 = 0x0
Register file thread id 6:
	R0 = 0x0	R1 = 0x0	R2 = 0x0	R3 = 0x0	R4 = 0x3	R5 = 0xFFFFFFFE	R6 = 0x0	R7 = 0x0
Register file thread id 7:
	R0 = 0x0	R1 = 0x0	R2 = 0x0	R3 = 0x0	R4 = 0x0	R5 = 0xFFFFFFFD	R6 = 0x0	R7 = 0x0
Register file thread id 8:
	R0 = 0x0	R1 = 0xFFFFFFFD	R2 = 0x0	R3 = 0x0	R4 = 0x0	R5 = 0x0	R6 = 0x0	R7 = 0xFFFFFFFF
Blocked MT CPI for this program 4.823529

-----Finegrained MT Simulation -----

Register file thread id 0:
	R0 = 0x0	R1 = 0x0	R2 = 0x0	R3 = 0x0	R4 = 0x4	R5 = 0x0	R6 = 0x0	R7 = 0xFFFFFFFE
Register file thread id 1:
	R0 = 0x0	R1 = 0x0	R2 = 0xFFFFFFFE	R3 = 0xFFFFFFFF	R4 = 0xFFFFFFFE	R5 = 0x0	R6 = 0xFFFFFFFD	R7 = 0xFFFFFFFA
Register file thread id 2:
	R0 = 0x0	R1 = 0x0	R2 = 0x0	R3 = 0x0	R4 = 0x0	R5 = 0x1	R6 = 0x0	R7 = 0x0
Register file thread id 3:
	R0 = 0x0	R1 = 0xFFFFFFFE	R2 = 0x0	R3 = 0x0	R4 = 0x0	R5 = 0x0	R6 = 0x0	R7 = 0x2
Register file thread id 4:
	R0 = 0x0	R1 = 0x0	R2 = 0x0	R3 = 0x0	R4 = 0x4	R5 = 0x0	R6 = 0x0	R7 = 0x5
Register file thread id 5:
	R0 = 0x0	R1 = 0x0	R2 = 0xFFFFFFFF	R3 = 0x0	R4 = 0x0	R5 = 0x0	R6 = 0x0	R7 = 0x0
Register file thread id 6:
	R0 = 0x0	R1 = 0x0	R2 = 0x0	R3 = 0x0	R4 = 0x3	R5 = 0xFFFFFFFE	R6 = 0x0	R7 = 0x0
Register file thread id 7:
	R0 = 0x0	R1 = 0x0	R2 = 0x0	R3 = 0x0	R4 = 0x0	R5 = 0xFFFFFFFD	R6 = 0x0	R7 = 0x0
Register file thread id 8:
	R0 = 0x0	R1 = 0xFFFFFFFD	R2 = 0x0	R3 = 0x0	R4 = 0x0	R5 = 0x0	R6 = 0x0	R7 = 0xFFFFFFFF
Finegrained Multithreading CPI for this program 1.029412

