
---- Blocked MT Simulation ----

Register file thread id 0:
	R0 = 0x0	R1 = 0xFFFFFFFC	R2 = 0x0	R3 = 0x0	R4 = 0x0	R5 = 0xFFFFFFFC	R6 = 0x0	R7 = 0xFFFFFFFD
Register file thread id 1:
	R0 = 0x0	R1 = 0x3	R2 = 0x0	R3 = 0x0	R4 = 0x0	R5 = 0x0	R6 = 0x0	R7 = 0x0
Register file thread id 2:
	R0 = 0x0	R1 = 0x0	R2 = 0x0	R3 = 0x0	R4 = 0xFFFFFFFE	R5 = 0x0	R6 = 0x0	R7 = 0x0
Register file thread id 3:
	R0 = 0xFFFFFFFE	R1 = 0x0	R2 = 0x0	R3 = 0x0	R4 = 0xFFFFFFFD	R5 = 0x0	R6 = 0x4	R7 = 0x0
Register file thread id 4:
	R0 = 0x0	R1 = 0x0	R2 = 0x0	R3 = 0x0	R4 = 0x0	R5 = 0x0	R6 = 0x0	R7 = 0xFFFFFFFC
Blocked MT CPI for this program 3.447368

-----Finegrained MT Simulation -----

Register file thread id 0:
	R0 = 0x0	R1 = 0xFFFFFFFC	R2 = 0x0	R3 = 0x0	R4 = 0x0	R5 = 0xFFFFFFFC	R6 = 0x0	R7 = 0xFFFFFFFD
Register file thread id 1:
	R0 = 0x0	R1 = 0x3	R2 = 0x0	R3 = 0x0	R4 = 0x0	R5 = 0x0	R6 = 0x0	R7 = 0x0
Register file thread id 2:
	R0 = 0x0	R1 = 0x0	R2 = 0x0	R3 = 0x0	R4 = 0xFFFFFFFE	R5 = 0x0	R6 = 0x0	R7 = 0x0
Register file thread id 3:
	R0 = 0xFFFFFFFE	R1 = 0x0	R2 = 0x0	R3 = 0x0	R4 = 0xFFFFFFFD	R5 = 0x0	R6 = 0x4	R7 = 0x0
Register file thread id 4:
	R0 = 0x0	R1 = 0x0	R2 = 0x0	R3 = 0x0	R4 = 0x0	R5 = 0x0	R6 = 0x0	R7 = 0xFFFFFFFC
Finegrained Multithreading CPI for this program 1.289474

