
---- Blocked MT Simulation ----

Register file thread id 0:
	R0 = 0x0	R1 = 0x0	R2 = 0x0	R3 = 0x0	R4 = 0x0	R5 = 0x0	R6 = 0x0	R7 = 0x2
Register file thread id 1:
	R0 = 0x0	R1 = 0x0	R2 = 0x0	R3 = 0x0	R4 = 0x0	R5 = 0x0	R6 = 0x0	R7 = 0x0
Register file thread id 2:
	R0 = 0x0	R1 = 0x6	R2 = 0x0	R3 = 0xFFFFFFF6	R4 = 0x0	R5 = 0xA	R6 = 0x0	R7 = 0x2
Register file thread id 3:
	R0 = 0x0	R1 = 0x0	R2 = 0x4	R3 = 0x0	R4 = 0x0	R5 = 0x0	R6 = 0x0	R7 = 0x3
Register file thread id 4:
	R0 = 0x4	R1 = 0xA	R2 = 0x0	R3 = 0x0	R4 = 0x0	R5 = 0xFFFFFFFC	R6 = 0x0	R7 = 0x0
Register file thread id 5:
	R0 = 0x6	R1 = 0x0	R2 = 0x0	R3 = 0x0	R4 = 0x0	R5 = 0x0	R6 = 0x0	R7 = 0x2
Register file thread id 6:
	R0 = 0x0	R1 = 0x0	R2 = 0x0	R3 = 0x0	R4 = 0x1	R5 = 0x0	R6 = 0x2	R7 = 0x0
Register file thread id 7:
	R0 = 0x0	R1 = 0x0	R2 = 0x4	R3 = 0x0	R4 = 0x4	R5 = 0x0	R6 = 0xA	R7 = 0x0
Register file thread id 8:
	R0 = 0x0	R1 = 0x0	R2 = 0x0	R3 = 0x0	R4 = 0x0	R5 = 0x0	R6 = 0x2	R7 = 0x0
Register file thread id 9:
	R0 = 0x0	R1 = 0xA	R2 = 0x0	R3 = 0x6	R4 = 0x2	R5 = 0x8	R6 = 0x6	R7 = 0x0
Register file thread id 10:
	R0 = 0x0	R1 = 0x0	R2 = 0x0	R3 = 0x0	R4 = 0xFFFFFFFF	R5 = 0x1	R6 = 0x0	R7 = 0x0
Register file thread id 11:
	R0 = 0x0	R1 = 0x0	R2 = 0xFFFFFFFE	R3 = 0x0	R4 = 0x0	R5 = 0x0	R6 = 0x0	R7 = 0xFFFFFFFE
Blocked MT CPI for this program 7.567010

-----Finegrained MT Simulation -----

Register file thread id 0:
	R0 = 0x0	R1 = 0x0	R2 = 0x0	R3 = 0x0	R4 = 0x0	R5 = 0x0	R6 = 0x0	R7 = 0x0
Register file thread id 1:
	R0 = 0x0	R1 = 0x0	R2 = 0x0	R3 = 0x0	R4 = 0x0	R5 = 0x0	R6 = 0x0	R7 = 0x0
Register file thread id 2:
	R0 = 0x0	R1 = 0x6	R2 = 0x0	R3 = 0x0	R4 = 0x0	R5 = 0x0	R6 = 0x0	R7 = 0x2
Register file thread id 3:
	R0 = 0x0	R1 = 0x0	R2 = 0x4	R3 = 0x0	R4 = 0x0	R5 = 0x0	R6 = 0x0	R7 = 0x3
Register file thread id 4:
	R0 = 0x4	R1 = 0x0	R2 = 0x0	R3 = 0x0	R4 = 0x0	R5 = 0xFFFFFFFC	R6 = 0x0	R7 = 0x0
Register file thread id 5:
	R0 = 0x6	R1 = 0x0	R2 = 0x0	R3 = 0x0	R4 = 0x0	R5 = 0x0	R6 = 0x0	R7 = 0x2
Register file thread id 6:
	R0 = 0x0	R1 = 0x0	R2 = 0x0	R3 = 0x0	R4 = 0x1	R5 = 0x0	R6 = 0x2	R7 = 0x0
Register file thread id 7:
	R0 = 0x0	R1 = 0x0	R2 = 0x4	R3 = 0x0	R4 = 0x4	R5 = 0x0	R6 = 0x0	R7 = 0x0
Register file thread id 8:
	R0 = 0x0	R1 = 0x0	R2 = 0x0	R3 = 0x0	R4 = 0x0	R5 = 0x0	R6 = 0x2	R7 = 0x0
Register file thread id 9:
	R0 = 0x0	R1 = 0xA	R2 = 0x0	R3 = 0x6	R4 = 0x2	R5 = 0x8	R6 = 0x6	R7 = 0x0
Register file thread id 10:
	R0 = 0x0	R1 = 0x0	R2 = 0x0	R3 = 0x0	R4 = 0xFFFFFFFF	R5 = 0x1	R6 = 0x0	R7 = 0x0
Register file thread id 11:
	R0 = 0x0	R1 = 0x0	R2 = 0xFFFFFFFE	R3 = 0x0	R4 = 0x0	R5 = 0x0	R6 = 0x0	R7 = 0xFFFFFFFE
Finegrained Multithreading CPI for this program 1.113402

