
---- Blocked MT Simulation ----

Register file thread id 0:
	R0 = 0x7	R1 = 0x0	R2 = 0x0	R3 = 0x7	R4 = 0x0	R5 = 0x0	R6 = 0x0	R7 = 0x0
Register file thread id 1:
	R0 = 0xFFFFFFFF	R1 = 0x0	R2 = 0x0	R3 = 0x0	R4 = 0x0	R5 = 0x0	R6 = 0x7	R7 = 0x0
Register file thread id 2:
	R0 = 0x0	R1 = 0x0	R2 = 0x4	R3 = 0x0	R4 = 0x0	R5 = 0x7	R6 = 0x0	R7 = 0x0
Register file thread id 3:
	R0 = 0x0	R1 = 0x7	R2 = 0x0	R3 = 0x0	R4 = 0x7	R5 = 0xFFFFFFFE	R6 = 0x0	R7 = 0x0
Register file thread id 4:
	R0 = 0x2	R1 = 0x0	R2 = 0x4	R3 = 0x0	R4 = 0x0	R5 = 0x0	R6 = 0x0	R7 = 0x2
Register file thread id 5:
	R0 = 0x0	R1 = 0x0	R2 = 0x7	R3 = 0x0	R4 = 0x0	R5 = 0x0	R6 = 0xFFFFFFFD	R7 = 0x0
Blocked MT CPI for this program 8.724138

-----Finegrained MT Simulation -----

Register file thread id 0:
	R0 = 0x0	R1 = 0x0	R2 = 0x0	R3 = 0x0	R4 = 0x0	R5 = 0x0	R6 = 0x0	R7 = 0x0
Register file thread id 1:
	R0 = 0xFFFFFFFF	R1 = 0x0	R2 = 0x0	R3 = 0x0	R4 = 0x0	R5 = 0x0	R6 = 0x0	R7 = 0x0
Register file thread id 2:
	R0 = 0x2	R1 = 0x0	R2 = 0x4	R3 = 0x0	R4 = 0x0	R5 = 0x0	R6 = 0xFFFFFFFE	R7 = 0x0
Register file thread id 3:
	R0 = 0x0	R1 = 0x2	R2 = 0x0	R3 = 0x0	R4 = 0x2	R5 = 0xFFFFFFFE	R6 = 0x0	R7 = 0x0
Register file thread id 4:
	R0 = 0x2	R1 = 0x0	R2 = 0x4	R3 = 0x0	R4 = 0x0	R5 = 0x0	R6 = 0x0	R7 = 0x2
Register file thread id 5:
	R0 = 0x0	R1 = 0x0	R2 = 0x0	R3 = 0x0	R4 = 0x0	R5 = 0x0	R6 = 0xFFFFFFFD	R7 = 0x0
Finegrained Multithreading CPI for this program 1.431034

