
---- Blocked MT Simulation ----

Register file thread id 0:
	R0 = 0x0	R1 = 0x0	R2 = 0x0	R3 = 0x0	R4 = 0x2	R5 = 0xFFFFFFFC	R6 = 0x0	R7 = 0x0
Register file thread id 1:
	R0 = 0x0	R1 = 0x2	R2 = 0x0	R3 = 0x0	R4 = 0x0	R5 = 0x0	R6 = 0x0	R7 = 0xFFFFFFFF
Register file thread id 2:
	R0 = 0x0	R1 = 0x0	R2 = 0x0	R3 = 0x1	R4 = 0x0	R5 = 0x0	R6 = 0x2	R7 = 0x0
Register file thread id 3:
	R0 = 0x0	R1 = 0x0	R2 = 0x0	R3 = 0x0	R4 = 0x0	R5 = 0x0	R6 = 0x0	R7 = 0x0
Register file thread id 4:
	R0 = 0xFFFFFFFF	R1 = 0x0	R2 = 0xFFFFFFFE	R3 = 0x0	R4 = 0x0	R5 = 0x0	R6 = 0x0	R7 = 0x0
Register file thread id 5:
	R0 = 0x0	R1 = 0x0	R2 = 0x0	R3 = 0x0	R4 = 0x0	R5 = 0x0	R6 = 0x0	R7 = 0x0
Register file thread id 6:
	R0 = 0x0	R1 = 0x0	R2 = 0x0	R3 = 0x0	R4 = 0x0	R5 = 0x0	R6 = 0x2	R7 = 0x0
Register file thread id 7:
	R0 = 0x0	R1 = 0x0	R2 = 0x0	R3 = 0x0	R4 = 0x0	R5 = 0xFFFFFFFF	R6 = 0x0	R7 = 0xFFFFFFFE
Register file thread id 8:
	R0 = 0x0	R1 = 0x3	R2 = 0x0	R3 = 0x0	R4 = 0xFFFFFFFC	R5 = 0x0	R6 = 0x0	R7 = 0x2
Register file thread id 9:
	R0 = 0x1	R1 = 0x0	R2 = 0x0	R3 = 0x0	R4 = 0x0	R5 = 0x0	R6 = 0x1	R7 = 0x1
Blocked MT CPI for this program 6.178082

-----Finegrained MT Simulation -----

Register file thread id 0:
	R0 = 0x0	R1 = 0x0	R2 = 0x0	R3 = 0x0	R4 = 0x2	R5 = 0xFFFFFFFC	R6 = 0x0	R7 = 0x0
Register file thread id 1:
	R0 = 0x0	R1 = 0x2	R2 = 0x0	R3 = 0x0	R4 = 0x0	R5 = 0x0	R6 = 0x0	R7 = 0xFFFFFFFF
Register file thread id 2:
	R0 = 0x0	R1 = 0x0	R2 = 0x0	R3 = 0x1	R4 = 0x0	R5 = 0x0	R6 = 0x2	R7 = 0x0
Register file thread id 3:
	R0 = 0x0	R1 = 0x0	R2 = 0x0	R3 = 0x0	R4 = 0x0	R5 = 0x0	R6 = 0x0	R7 = 0x0
Register file thread id 4:
	R0 = 0xFFFFFFFF	R1 = 0x0	R2 = 0xFFFFFFFE	R3 = 0x0	R4 = 0x0	R5 = 0x0	R6 = 0x0	R7 = 0x0
Register file thread id 5:
	R0 = 0x0	R1 = 0x0	R2 = 0x0	R3 = 0x0	R4 = 0x0	R5 = 0x0	R6 = 0x0	R7 = 0x0
Register file thread id 6:
	R0 = 0x0	R1 = 0x0	R2 = 0x0	R3 = 0x0	R4 = 0x0	R5 = 0x0	R6 = 0x0	R7 = 0x0
Register file thread id 7:
	R0 = 0x0	R1 = 0x0	R2 = 0x0	R3 = 0x0	R4 = 0x0	R5 = 0xFFFFFFFF	R6 = 0x0	R7 = 0xFFFFFFFE
Register file thread id 8:
	R0 = 0x0	R1 = 0x3	R2 = 0x0	R3 = 0x0	R4 = 0xFFFFFFFC	R5 = 0x0	R6 = 0x0	R7 = 0x2
Register file thread id 9:
	R0 = 0x1	R1 = 0x0	R2 = 0x0	R3 = 0x0	R4 = 0x0	R5 = 0x0	R6 = 0x1	R7 = 0x1
Finegrained Multithreading CPI for this program 1.465753

