
---- Blocked MT Simulation ----

Register file thread id 0:
	R0 = 0x0	R1 = 0x0	R2 = 0x0	R3 = 0x0	R4 = 0x0	R5 = 0x0	R6 = 0x0	R7 = 0xFFFFFFFF
Register file thread id 1:
	R0 = 0x0	R1 = 0x0	R2 = 0x0	R3 = 0x0	R4 = 0x0	R5 = 0x0	R6 = 0x0	R7 = 0x0
Register file thread id 2:
	R0 = 0x0	R1 = 0xFFFFFFFC	R2 = 0x0	R3 = 0x0	R4 = 0xFFFFFFFB	R5 = 0x0	R6 = 0xFFFFFFFC	R7 = 0xFFFFFFFC
Register file thread id 3:
	R0 = 0x2	R1 = 0xFFFFFFFD	R2 = 0x0	R3 = 0x0	R4 = 0x0	R5 = 0x0	R6 = 0xFFFFFFFE	R7 = 0x4
Register file thread id 4:
	R0 = 0x0	R1 = 0xFFFFFFFD	R2 = 0x4	R3 = 0x0	R4 = 0x0	R5 = 0x0	R6 = 0x0	R7 = 0x0
Register file thread id 5:
	R0 = 0x8	R1 = 0x3	R2 = 0x8	R3 = 0x1	R4 = 0x0	R5 = 0x0	R6 = 0x0	R7 = 0x0
Register file thread id 6:
	R0 = 0x0	R1 = 0x0	R2 = 0x0	R3 = 0x0	R4 = 0x0	R5 = 0x4	R6 = 0x0	R7 = 0xFFFFFFFE
Register file thread id 7:
	R0 = 0x3	R1 = 0x0	R2 = 0xFFFFFFFF	R3 = 0x0	R4 = 0x0	R5 = 0x0	R6 = 0x0	R7 = 0x0
Register file thread id 8:
	R0 = 0x0	R1 = 0x2	R2 = 0x0	R3 = 0x0	R4 = 0x0	R5 = 0x6	R6 = 0x3	R7 = 0x0
Register file thread id 9:
	R0 = 0x0	R1 = 0x0	R2 = 0x0	R3 = 0x0	R4 = 0x0	R5 = 0x0	R6 = 0x0	R7 = 0x2
Register file thread id 10:
	R0 = 0x0	R1 = 0x0	R2 = 0x0	R3 = 0x0	R4 = 0x0	R5 = 0xFFFFFFFE	R6 = 0x0	R7 = 0x0
Register file thread id 11:
	R0 = 0x0	R1 = 0x3	R2 = 0x0	R3 = 0x0	R4 = 0x0	R5 = 0x0	R6 = 0x3	R7 = 0x0
Blocked MT CPI for this program 6.906250

-----Finegrained MT Simulation -----

Register file thread id 0:
	R0 = 0x0	R1 = 0x0	R2 = 0x0	R3 = 0x0	R4 = 0x0	R5 = 0x0	R6 = 0x0	R7 = 0xFFFFFFFF
Register file thread id 1:
	R0 = 0x0	R1 = 0x0	R2 = 0x0	R3 = 0x0	R4 = 0x0	R5 = 0x0	R6 = 0x0	R7 = 0x0
Register file thread id 2:
	R0 = 0x0	R1 = 0xFFFFFFFC	R2 = 0x0	R3 = 0x0	R4 = 0xFFFFFFFB	R5 = 0x0	R6 = 0xFFFFFFFC	R7 = 0xFFFFFFFC
Register file thread id 3:
	R0 = 0x2	R1 = 0xFFFFFFFD	R2 = 0x0	R3 = 0x0	R4 = 0x0	R5 = 0x0	R6 = 0xFFFFFFFE	R7 = 0x4
Register file thread id 4:
	R0 = 0x0	R1 = 0xFFFFFFFD	R2 = 0x4	R3 = 0x0	R4 = 0x0	R5 = 0x0	R6 = 0x0	R7 = 0x0
Register file thread id 5:
	R0 = 0x0	R1 = 0x3	R2 = 0x0	R3 = 0x1	R4 = 0x0	R5 = 0x0	R6 = 0x0	R7 = 0x0
Register file thread id 6:
	R0 = 0x0	R1 = 0x0	R2 = 0x0	R3 = 0x0	R4 = 0x0	R5 = 0x4	R6 = 0x0	R7 = 0xFFFFFFFE
Register file thread id 7:
	R0 = 0x3	R1 = 0x0	R2 = 0xFFFFFFFF	R3 = 0x0	R4 = 0x0	R5 = 0x0	R6 = 0x0	R7 = 0x0
Register file thread id 8:
	R0 = 0x0	R1 = 0x0	R2 = 0x0	R3 = 0x0	R4 = 0x0	R5 = 0x6	R6 = 0x3	R7 = 0x0
Register file thread id 9:
	R0 = 0x0	R1 = 0x0	R2 = 0x0	R3 = 0x0	R4 = 0x0	R5 = 0x0	R6 = 0x0	R7 = 0x2
Register file thread id 10:
	R0 = 0x0	R1 = 0x0	R2 = 0x0	R3 = 0x0	R4 = 0x0	R5 = 0xFFFFFFFE	R6 = 0x0	R7 = 0x0
Register file thread id 11:
	R0 = 0x0	R1 = 0x3	R2 = 0x0	R3 = 0x0	R4 = 0x0	R5 = 0x0	R6 = 0x3	R7 = 0x0
Finegrained Multithreading CPI for this program 1.166667

