
---- Blocked MT Simulation ----

Register file thread id 0:
	R0 = 0x1	R1 = 0x0	R2 = 0x0	R3 = 0x0	R4 = 0x0	R5 = 0x0	R6 = 0x1	R7 = 0xFFFFFFFE
Register file thread id 1:
	R0 = 0x0	R1 = 0x0	R2 = 0x0	R3 = 0x0	R4 = 0x0	R5 = 0x4	R6 = 0xFFFFFFFF	R7 = 0x0
Register file thread id 2:
	R0 = 0x1	R1 = 0x0	R2 = 0x0	R3 = 0x0	R4 = 0x0	R5 = 0xFFFFFFFF	R6 = 0x3	R7 = 0x0
Register file thread id 3:
	R0 = 0x0	R1 = 0x0	R2 = 0x0	R3 = 0x4	R4 = 0x0	R5 = 0x0	R6 = 0x0	R7 = 0x7
Register file thread id 4:
	R0 = 0xFFFFFFFE	R1 = 0x0	R2 = 0x0	R3 = 0xFFFFFFFC	R4 = 0xFFFFFFFB	R5 = 0xFFFFFFFE	R6 = 0x0	R7 = 0xFFFFFFFC
Register file thread id 5:
	R0 = 0x0	R1 = 0x3	R2 = 0x0	R3 = 0x0	R4 = 0x0	R5 = 0x0	R6 = 0x0	R7 = 0x3
Register file thread id 6:
	R0 = 0x0	R1 = 0x0	R2 = 0x0	R3 = 0x0	R4 = 0x7	R5 = 0xFFFFFFFD	R6 = 0x3	R7 = 0x0
Register file thread id 7:
	R0 = 0x0	R1 = 0x0	R2 = 0x0	R3 = 0x0	R4 = 0x0	R5 = 0x0	R6 = 0x0	R7 = 0x0
Blocked MT CPI for this program 5.362069

-----Finegrained MT Simulation -----

Register file thread id 0:
	R0 = 0x1	R1 = 0x0	R2 = 0x0	R3 = 0x0	R4 = 0x0	R5 = 0x0	R6 = 0x1	R7 = 0xFFFFFFFE
Register file thread id 1:
	R0 = 0x0	R1 = 0x0	R2 = 0x0	R3 = 0x0	R4 = 0x0	R5 = 0x4	R6 = 0xFFFFFFFF	R7 = 0x0
Register file thread id 2:
	R0 = 0x1	R1 = 0x0	R2 = 0x0	R3 = 0x0	R4 = 0x0	R5 = 0xFFFFFFFF	R6 = 0x3	R7 = 0x0
Register file thread id 3:
	R0 = 0x0	R1 = 0x0	R2 = 0x0	R3 = 0x4	R4 = 0x0	R5 = 0x0	R6 = 0x0	R7 = 0x7
Register file thread id 4:
	R0 = 0xFFFFFFFE	R1 = 0x0	R2 = 0x0	R3 = 0xFFFFFFFC	R4 = 0xFFFFFFFB	R5 = 0xFFFFFFFE	R6 = 0x0	R7 = 0xFFFFFFFC
Register file thread id 5:
	R0 = 0x0	R1 = 0x3	R2 = 0x0	R3 = 0x0	R4 = 0x0	R5 = 0x0	R6 = 0x0	R7 = 0x3
Register file thread id 6:
	R0 = 0x0	R1 = 0x0	R2 = 0x0	R3 = 0x0	R4 = 0x7	R5 = 0xFFFFFFFD	R6 = 0x3	R7 = 0x0
Register file thread id 7:
	R0 = 0x0	R1 = 0x0	R2 = 0x0	R3 = 0x0	R4 = 0x0	R5 = 0x0	R6 = 0x0	R7 = 0x0
Finegrained Multithreading CPI for this program 1.465517

