
---- Blocked MT Simulation ----

Register file thread id 0:
	R0 = 0x0	R1 = 0x2	R2 = 0xFFFFFFFF	R3 = 0x0	R4 = 0x0	R5 = 0x0	R6 = 0x3	R7 = 0x3
Register file thread id 1:
	R0 = 0x9	R1 = 0xD	R2 = 0x5	R3 = 0xFFFFFFFC	R4 = 0xFFFFFFFC	R5 = 0x0	R6 = 0x0	R7 = 0x4
Register file thread id 2:
	R0 = 0x0	R1 = 0x0	R2 = 0x0	R3 = 0x0	R4 = 0x0	R5 = 0x1	R6 = 0x1	R7 = 0x0
Register file thread id 3:
	R0 = 0xFFFFFFFD	R1 = 0x2	R2 = 0xFFFFFFF9	R3 = 0x0	R4 = 0x0	R5 = 0x0	R6 = 0x4	R7 = 0xFFFFFFFC
Register file thread id 4:
	R0 = 0x4	R1 = 0x0	R2 = 0x0	R3 = 0x0	R4 = 0x0	R5 = 0x4	R6 = 0x0	R7 = 0x0
Register file thread id 5:
	R0 = 0xFFFFFFFE	R1 = 0x0	R2 = 0x0	R3 = 0x0	R4 = 0x9	R5 = 0xFFFFFFFE	R6 = 0x0	R7 = 0x0
Blocked MT CPI for this program 3.078431

-----Finegrained MT Simulation -----

Register file thread id 0:
	R0 = 0x0	R1 = 0x2	R2 = 0xFFFFFFFF	R3 = 0x0	R4 = 0x0	R5 = 0x0	R6 = 0x3	R7 = 0x3
Register file thread id 1:
	R0 = 0x9	R1 = 0xD	R2 = 0x5	R3 = 0xFFFFFFFC	R4 = 0xFFFFFFFC	R5 = 0x0	R6 = 0x0	R7 = 0x4
Register file thread id 2:
	R0 = 0x0	R1 = 0x0	R2 = 0x0	R3 = 0x0	R4 = 0x0	R5 = 0x1	R6 = 0x1	R7 = 0x0
Register file thread id 3:
	R0 = 0xFFFFFFFD	R1 = 0x2	R2 = 0xFFFFFFF9	R3 = 0x0	R4 = 0x0	R5 = 0x0	R6 = 0x4	R7 = 0xFFFFFFFC
Register file thread id 4:
	R0 = 0x4	R1 = 0x0	R2 = 0x0	R3 = 0x0	R4 = 0x0	R5 = 0x4	R6 = 0x0	R7 = 0x0
Register file thread id 5:
	R0 = 0xFFFFFFFE	R1 = 0x0	R2 = 0x0	R3 = 0x0	R4 = 0x9	R5 = 0xFFFFFFFE	R6 = 0x0	R7 = 0x0
Finegrained Multithreading CPI for this program 1.176471

