
---- Blocked MT Simulation ----

Register file thread id 0:
	R0 = 0xFFFFFFFE	R1 = 0x0	R2 = 0x0	R3 = 0x5	R4 = 0xFFFFFFFE	R5 = 0xFFFFFFFC	R6 = 0x6	R7 = 0x7
Register file thread id 1:
	R0 = 0x0	R1 = 0x4	R2 = 0x0	R3 = 0x0	R4 = 0x0	R5 = 0x5	R6 = 0x5	R7 = 0x3
Register file thread id 2:
	R0 = 0x2	R1 = 0xFFFFFFFC	R2 = 0x0	R3 = 0x4	R4 = 0xFFFFFFFE	R5 = 0xFFFFFFFE	R6 = 0x0	R7 = 0xFFFFFFFA
Register file thread id 3:
	R0 = 0x5	R1 = 0x7	R2 = 0x0	R3 = 0x6	R4 = 0x0	R5 = 0x6	R6 = 0x0	R7 = 0x6
Register file thread id 4:
	R0 = 0x2	R1 = 0x0	R2 = 0x0	R3 = 0x0	R4 = 0x4	R5 = 0x0	R6 = 0x0	R7 = 0x0
Blocked MT CPI for this program 6.288889

-----Finegrained MT Simulation -----

Register file thread id 0:
	R0 = 0xFFFFFFFE	R1 = 0x0	R2 = 0x0	R3 = 0x0	R4 = 0xFFFFFFFE	R5 = 0xFFFFFFFC	R6 = 0xFFFFFFFF	R7 = 0x0
Register file thread id 1:
	R0 = 0x0	R1 = 0x4	R2 = 0x0	R3 = 0x0	R4 = 0x0	R5 = 0x0	R6 = 0x0	R7 = 0x3
Register file thread id 2:
	R0 = 0x2	R1 = 0xFFFFFFFC	R2 = 0x0	R3 = 0x4	R4 = 0xFFFFFFFE	R5 = 0xFFFFFFFE	R6 = 0x0	R7 = 0xFFFFFFFA
Register file thread id 3:
	R0 = 0x0	R1 = 0xFFFFFFFF	R2 = 0x0	R3 = 0x1	R4 = 0x0	R5 = 0x1	R6 = 0x0	R7 = 0x1
Register file thread id 4:
	R0 = 0x2	R1 = 0x0	R2 = 0x0	R3 = 0x0	R4 = 0x4	R5 = 0x0	R6 = 0x0	R7 = 0xFFFFFFFF
Finegrained Multithreading CPI for this program 1.177778

