
---- Blocked MT Simulation ----

Register file thread id 0:
	R0 = 0x0	R1 = 0x0	R2 = 0x0	R3 = 0x0	R4 = 0x0	R5 = 0x0	R6 = 0x0	R7 = 0x0
Register file thread id 1:
	R0 = 0x2	R1 = 0x0	R2 = 0x0	R3 = 0xFFFFFFFF	R4 = 0x0	R5 = 0xFFFFFFFF	R6 = 0x0	R7 = 0x0
Register file thread id 2:
	R0 = 0x1	R1 = 0x0	R2 = 0x0	R3 = 0x0	R4 = 0xFFFFFFFD	R5 = 0x0	R6 = 0x0	R7 = 0x2
Register file thread id 3:
	R0 = 0xFFFFFFFF	R1 = 0x0	R2 = 0xFFFFFFFC	R3 = 0x0	R4 = 0x0	R5 = 0xFFFFFFFC	R6 = 0x0	R7 = 0x0
Register file thread id 4:
	R0 = 0x0	R1 = 0x4	R2 = 0x0	R3 = 0x0	R4 = 0x2	R5 = 0x0	R6 = 0xFFFFFFFC	R7 = 0x0
Register file thread id 5:
	R0 = 0x0	R1 = 0x0	R2 = 0xFFFFFFFF	R3 = 0x0	R4 = 0x1	R5 = 0xFFFFFFFD	R6 = 0x0	R7 = 0xFFFFFFFF
Blocked MT CPI for this program 4.897959

-----Finegrained MT Simulation -----

Register file thread id 0:
	R0 = 0x0	R1 = 0x0	R2 = 0x0	R3 = 0x0	R4 = 0x0	R5 = 0x0	R6 = 0x0	R7 = 0x0
Register file thread id 1:
	R0 = 0x2	R1 = 0x0	R2 = 0x0	R3 = 0xFFFFFFFF	R4 = 0x0	R5 = 0xFFFFFFFF	R6 = 0x0	R7 = 0x0
Register file thread id 2:
	R0 = 0x1	R1 = 0x0	R2 = 0x0	R3 = 0x0	R4 = 0xFFFFFFFD	R5 = 0x0	R6 = 0x0	R7 = 0x2
Register file thread id 3:
	R0 = 0x0	R1 = 0x0	R2 = 0xFFFFFFFC	R3 = 0x0	R4 = 0x0	R5 = 0xFFFFFFFC	R6 = 0x0	R7 = 0x0
Register file thread id 4:
	R0 = 0x0	R1 = 0x4	R2 = 0x0	R3 = 0x0	R4 = 0x2	R5 = 0x0	R6 = 0xFFFFFFFC	R7 = 0x0
Register file thread id 5:
	R0 = 0x0	R1 = 0x0	R2 = 0xFFFFFFFF	R3 = 0x0	R4 = 0x1	R5 = 0xFFFFFFFD	R6 = 0x0	R7 = 0x0
Finegrained Multithreading CPI for this program 1.877551

