
---- Blocked MT Simulation ----

Register file thread id 0:
	R0 = 0x2	R1 = 0x0	R2 = 0x0	R3 = 0x0	R4 = 0x0	R5 = 0x0	R6 = 0xFFFFFFFD	R7 = 0x0
Register file thread id 1:
	R0 = 0xFFFFFFFD	R1 = 0xFFFFFFFC	R2 = 0xFFFFFFFC	R3 = 0xFFFFFFFD	R4 = 0x0	R5 = 0x0	R6 = 0x0	R7 = 0x0
Register file thread id 2:
	R0 = 0x0	R1 = 0x0	R2 = 0x0	R3 = 0x0	R4 = 0xA	R5 = 0x0	R6 = 0x6	R7 = 0x0
Register file thread id 3:
	R0 = 0x4	R1 = 0x0	R2 = 0x0	R3 = 0x0	R4 = 0x0	R5 = 0x0	R6 = 0x2	R7 = 0x0
Register file thread id 4:
	R0 = 0x0	R1 = 0x0	R2 = 0x0	R3 = 0x0	R4 = 0x0	R5 = 0x0	R6 = 0x0	R7 = 0x0
Register file thread id 5:
	R0 = 0x0	R1 = 0x0	R2 = 0x0	R3 = 0x0	R4 = 0x0	R5 = 0x0	R6 = 0x4	R7 = 0x0
Register file thread id 6:
	R0 = 0x0	R1 = 0x0	R2 = 0x0	R3 = 0x0	R4 = 0x0	R5 = 0x0	R6 = 0x0	R7 = 0x2
Register file thread id 7:
	R0 = 0x0	R1 = 0x0	R2 = 0x0	R3 = 0x0	R4 = 0x0	R5 = 0x0	R6 = 0x0	R7 = 0x3
Register file thread id 8:
	R0 = 0x0	R1 = 0x0	R2 = 0x0	R3 = 0xFFFFFFFC	R4 = 0x0	R5 = 0xFFFFFFFF	R6 = 0x0	R7 = 0x0
Register file thread id 9:
	R0 = 0x0	R1 = 0xFFFFFFFC	R2 = 0x0	R3 = 0x0	R4 = 0x0	R5 = 0x0	R6 = 0xFFFFFFFD	R7 = 0x0
Blocked MT CPI for this program 5.759494

-----Finegrained MT Simulation -----

Register file thread id 0:
	R0 = 0x2	R1 = 0x0	R2 = 0x0	R3 = 0x0	R4 = 0x0	R5 = 0x0	R6 = 0xFFFFFFFD	R7 = 0x0
Register file thread id 1:
	R0 = 0xFFFFFFFD	R1 = 0xFFFFFFFC	R2 = 0xFFFFFFFC	R3 = 0xFFFFFFFD	R4 = 0x0	R5 = 0x0	R6 = 0x0	R7 = 0x0
Register file thread id 2:
	R0 = 0x0	R1 = 0x0	R2 = 0x0	R3 = 0x0	R4 = 0x4	R5 = 0x0	R6 = 0x0	R7 = 0x0
Register file thread id 3:
	R0 = 0x4	R1 = 0x0	R2 = 0x0	R3 = 0x0	R4 = 0x0	R5 = 0x0	R6 = 0x2	R7 = 0x0
Register file thread id 4:
	R0 = 0x0	R1 = 0x0	R2 = 0x0	R3 = 0x0	R4 = 0x0	R5 = 0x0	R6 = 0x0	R7 = 0x0
Register file thread id 5:
	R0 = 0x0	R1 = 0x0	R2 = 0x0	R3 = 0x0	R4 = 0x0	R5 = 0x0	R6 = 0x4	R7 = 0x0
Register file thread id 6:
	R0 = 0x0	R1 = 0x0	R2 = 0x0	R3 = 0x0	R4 = 0x0	R5 = 0x0	R6 = 0x0	R7 = 0x2
Register file thread id 7:
	R0 = 0x0	R1 = 0x0	R2 = 0x0	R3 = 0x0	R4 = 0x0	R5 = 0x0	R6 = 0x0	R7 = 0x3
Register file thread id 8:
	R0 = 0x0	R1 = 0x0	R2 = 0x0	R3 = 0xFFFFFFFC	R4 = 0x0	R5 = 0xFFFFFFFF	R6 = 0x0	R7 = 0x0
Register file thread id 9:
	R0 = 0x0	R1 = 0xFFFFFFFC	R2 = 0x0	R3 = 0x0	R4 = 0x0	R5 = 0x0	R6 = 0xFFFFFFFD	R7 = 0x0
Finegrained Multithreading CPI for this program 1.164557

