
---- Blocked MT Simulation ----

Register file thread id 0:
	R0 = 0x0	R1 = 0x2	R2 = 0x1	R3 = 0x0	R4 = 0x0	R5 = 0x0	R6 = 0xFFFFFFFE	R7 = 0x0
Register file thread id 1:
	R0 = 0x0	R1 = 0x0	R2 = 0xFFFFFFFE	R3 = 0x0	R4 = 0x0	R5 = 0x0	R6 = 0x0	R7 = 0x0
Register file thread id 2:
	R0 = 0x0	R1 = 0x0	R2 = 0x0	R3 = 0xFFFFFFFE	R4 = 0x0	R5 = 0x0	R6 = 0x2	R7 = 0xFFFFFFFF
Register file thread id 3:
	R0 = 0x0	R1 = 0x0	R2 = 0xFFFFFFFE	R3 = 0xFFFFFFFE	R4 = 0x0	R5 = 0x0	R6 = 0x0	R7 = 0x0
Register file thread id 4:
	R0 = 0x0	R1 = 0x0	R2 = 0x0	R3 = 0x0	R4 = 0x0	R5 = 0x0	R6 = 0x0	R7 = 0x0
Register file thread id 5:
	R0 = 0x0	R1 = 0x0	R2 = 0x0	R3 = 0x0	R4 = 0x0	R5 = 0x0	R6 = 0x2	R7 = 0x0
Register file thread id 6:
	R0 = 0xFFFFFFFF	R1 = 0x0	R2 = 0x0	R3 = 0x0	R4 = 0x0	R5 = 0xFFFFFFFF	R6 = 0x0	R7 = 0x0
Register file thread id 7:
	R0 = 0xFFFFFFFF	R1 = 0x0	R2 = 0x0	R3 = 0x0	R4 = 0x2	R5 = 0x0	R6 = 0x0	R7 = 0x0
Register file thread id 8:
	R0 = 0x0	R1 = 0x0	R2 = 0x0	R3 = 0xFFFFFFFD	R4 = 0xFFFFFFFF	R5 = 0x0	R6 = 0x0	R7 = 0x2
Blocked MT CPI for this program 5.821918

-----Finegrained MT Simulation -----

Register file thread id 0:
	R0 = 0x0	R1 = 0x2	R2 = 0x1	R3 = 0x0	R4 = 0x0	R5 = 0x0	R6 = 0xFFFFFFFE	R7 = 0x0
Register file thread id 1:
	R0 = 0x0	R1 = 0x0	R2 = 0xFFFFFFFE	R3 = 0x0	R4 = 0x0	R5 = 0x0	R6 = 0x0	R7 = 0x0
Register file thread id 2:
	R0 = 0x0	R1 = 0x0	R2 = 0x0	R3 = 0xFFFFFFFE	R4 = 0x0	R5 = 0x0	R6 = 0x2	R7 = 0xFFFFFFFF
Register file thread id 3:
	R0 = 0x0	R1 = 0x0	R2 = 0xFFFFFFFE	R3 = 0xFFFFFFFE	R4 = 0x0	R5 = 0x0	R6 = 0x0	R7 = 0x0
Register file thread id 4:
	R0 = 0x0	R1 = 0x0	R2 = 0x0	R3 = 0x0	R4 = 0x0	R5 = 0x0	R6 = 0x0	R7 = 0x0
Register file thread id 5:
	R0 = 0x0	R1 = 0x0	R2 = 0x0	R3 = 0x0	R4 = 0x0	R5 = 0x0	R6 = 0x2	R7 = 0x0
Register file thread id 6:
	R0 = 0xFFFFFFFF	R1 = 0x0	R2 = 0x0	R3 = 0x0	R4 = 0x0	R5 = 0xFFFFFFFF	R6 = 0x0	R7 = 0x0
Register file thread id 7:
	R0 = 0xFFFFFFFF	R1 = 0x0	R2 = 0x0	R3 = 0x0	R4 = 0x2	R5 = 0x0	R6 = 0x0	R7 = 0x0
Register file thread id 8:
	R0 = 0x2	R1 = 0x0	R2 = 0x0	R3 = 0xFFFFFFFD	R4 = 0x0	R5 = 0x0	R6 = 0x0	R7 = 0x2
Finegrained Multithreading CPI for this program 1.150685

