
---- Blocked MT Simulation ----

Register file thread id 0:
	R0 = 0x2	R1 = 0x8	R2 = 0x2	R3 = 0x0	R4 = 0x4	R5 = 0x0	R6 = 0xFFFFFFF8	R7 = 0x0
Register file thread id 1:
	R0 = 0x2	R1 = 0xFFFFFFFC	R2 = 0x0	R3 = 0x0	R4 = 0x1	R5 = 0x0	R6 = 0x0	R7 = 0x0
Register file thread id 2:
	R0 = 0x0	R1 = 0x0	R2 = 0x0	R3 = 0x0	R4 = 0x0	R5 = 0x3	R6 = 0x0	R7 = 0x0
Register file thread id 3:
	R0 = 0x0	R1 = 0x3	R2 = 0x0	R3 = 0x0	R4 = 0x0	R5 = 0xFFFFFFFD	R6 = 0xFFFFFFFE	R7 = 0x4
Register file thread id 4:
	R0 = 0xFFFFFFFC	R1 = 0x0	R2 = 0x3	R3 = 0x0	R4 = 0x0	R5 = 0x0	R6 = 0xFFFFFFFC	R7 = 0x0
Register file thread id 5:
	R0 = 0x0	R1 = 0x0	R2 = 0x1	R3 = 0xFFFFFFFF	R4 = 0x0	R5 = 0xFFFFFFFF	R6 = 0x3	R7 = 0x0
Register file thread id 6:
	R0 = 0x0	R1 = 0x0	R2 = 0x0	R3 = 0x0	R4 = 0xFFFFFFFC	R5 = 0x0	R6 = 0x0	R7 = 0x0
Blocked MT CPI for this program 4.054545

-----Finegrained MT Simulation -----

Register file thread id 0:
	R0 = 0x2	R1 = 0x0	R2 = 0x2	R3 = 0x0	R4 = 0xFFFFFFFC	R5 = 0x0	R6 = 0x0	R7 = 0x0
Register file thread id 1:
	R0 = 0x2	R1 = 0xFFFFFFFC	R2 = 0x0	R3 = 0x0	R4 = 0x1	R5 = 0x0	R6 = 0x0	R7 = 0x0
Register file thread id 2:
	R0 = 0x0	R1 = 0x0	R2 = 0x0	R3 = 0x0	R4 = 0x0	R5 = 0x3	R6 = 0x0	R7 = 0x0
Register file thread id 3:
	R0 = 0x0	R1 = 0x3	R2 = 0x0	R3 = 0x0	R4 = 0x0	R5 = 0xFFFFFFFD	R6 = 0xFFFFFFFE	R7 = 0x4
Register file thread id 4:
	R0 = 0xFFFFFFFC	R1 = 0x0	R2 = 0x3	R3 = 0x0	R4 = 0x0	R5 = 0x0	R6 = 0xFFFFFFFC	R7 = 0x0
Register file thread id 5:
	R0 = 0x0	R1 = 0x0	R2 = 0x1	R3 = 0xFFFFFFFF	R4 = 0x0	R5 = 0xFFFFFFFF	R6 = 0x3	R7 = 0x0
Register file thread id 6:
	R0 = 0x0	R1 = 0x0	R2 = 0x0	R3 = 0x0	R4 = 0xFFFFFFFC	R5 = 0x0	R6 = 0x0	R7 = 0x0
Finegrained Multithreading CPI for this program 1.090909

