
---- Blocked MT Simulation ----

Register file thread id 0:
	R0 = 0x0	R1 = 0xFFFFFFFD	R2 = 0x1	R3 = 0xFFFFFFFD	R4 = 0x3	R5 = 0x0	R6 = 0x0	R7 = 0x0
Register file thread id 1:
	R0 = 0xFFFFFFFD	R1 = 0x0	R2 = 0x0	R3 = 0x1	R4 = 0xFFFFFFFF	R5 = 0xA	R6 = 0xFFFFFFFC	R7 = 0x8
Register file thread id 2:
	R0 = 0xFFFFFFFD	R1 = 0x0	R2 = 0x0	R3 = 0x0	R4 = 0x0	R5 = 0x0	R6 = 0x4	R7 = 0xFFFFFFFE
Register file thread id 3:
	R0 = 0x0	R1 = 0x4	R2 = 0x0	R3 = 0xFFFFFFFE	R4 = 0x0	R5 = 0x0	R6 = 0x0	R7 = 0x0
Register file thread id 4:
	R0 = 0x0	R1 = 0x0	R2 = 0x4	R3 = 0x0	R4 = 0x0	R5 = 0x0	R6 = 0x0	R7 = 0x1
Register file thread id 5:
	R0 = 0x0	R1 = 0x0	R2 = 0x2	R3 = 0x0	R4 = 0x0	R5 = 0x2	R6 = 0x0	R7 = 0x0
Register file thread id 6:
	R0 = 0x0	R1 = 0x0	R2 = 0x0	R3 = 0x0	R4 = 0x0	R5 = 0x0	R6 = 0xFFFFFFFE	R7 = 0x4
Register file thread id 7:
	R0 = 0x0	R1 = 0x0	R2 = 0xC	R3 = 0x9	R4 = 0x0	R5 = 0x16	R6 = 0x0	R7 = 0xA
Register file thread id 8:
	R0 = 0xFFFFFFFF	R1 = 0x0	R2 = 0xFFFFFFFC	R3 = 0xFFFFFFFE	R4 = 0xFFFFFFFE	R5 = 0xFFFFFFFB	R6 = 0x0	R7 = 0x0
Register file thread id 9:
	R0 = 0x0	R1 = 0x1	R2 = 0x4	R3 = 0x0	R4 = 0x1	R5 = 0x0	R6 = 0x0	R7 = 0x0
Register file thread id 10:
	R0 = 0x0	R1 = 0x0	R2 = 0x0	R3 = 0x0	R4 = 0x0	R5 = 0x0	R6 = 0x0	R7 = 0x0
Register file thread id 11:
	R0 = 0x0	R1 = 0x0	R2 = 0x0	R3 = 0x0	R4 = 0xFFFFFFFD	R5 = 0x2	R6 = 0x0	R7 = 0x0
Blocked MT CPI for this program 6.281250

-----Finegrained MT Simulation -----

Register file thread id 0:
	R0 = 0x0	R1 = 0xFFFFFFFD	R2 = 0x1	R3 = 0x1	R4 = 0x3	R5 = 0x0	R6 = 0x0	R7 = 0x0
Register file thread id 1:
	R0 = 0xFFFFFFFD	R1 = 0x0	R2 = 0x0	R3 = 0x1	R4 = 0xFFFFFFFF	R5 = 0x0	R6 = 0xFFFFFFFC	R7 = 0xFFFFFFFE
Register file thread id 2:
	R0 = 0xFFFFFFFD	R1 = 0x0	R2 = 0x0	R3 = 0x0	R4 = 0x0	R5 = 0x0	R6 = 0x4	R7 = 0xFFFFFFFE
Register file thread id 3:
	R0 = 0x0	R1 = 0x4	R2 = 0x0	R3 = 0xFFFFFFFE	R4 = 0x0	R5 = 0x0	R6 = 0x0	R7 = 0x0
Register file thread id 4:
	R0 = 0x0	R1 = 0x0	R2 = 0x4	R3 = 0x0	R4 = 0x0	R5 = 0x0	R6 = 0x0	R7 = 0x1
Register file thread id 5:
	R0 = 0x0	R1 = 0x0	R2 = 0x2	R3 = 0x0	R4 = 0x0	R5 = 0x2	R6 = 0x0	R7 = 0x0
Register file thread id 6:
	R0 = 0x0	R1 = 0x0	R2 = 0x0	R3 = 0x0	R4 = 0x0	R5 = 0x0	R6 = 0xFFFFFFFE	R7 = 0x4
Register file thread id 7:
	R0 = 0x0	R1 = 0x0	R2 = 0x2	R3 = 0xFFFFFFFF	R4 = 0x0	R5 = 0x2	R6 = 0x0	R7 = 0x0
Register file thread id 8:
	R0 = 0xFFFFFFFF	R1 = 0x0	R2 = 0xFFFFFFFC	R3 = 0xFFFFFFFE	R4 = 0xFFFFFFFE	R5 = 0xFFFFFFFB	R6 = 0x0	R7 = 0x0
Register file thread id 9:
	R0 = 0x0	R1 = 0x1	R2 = 0x4	R3 = 0x0	R4 = 0x1	R5 = 0x0	R6 = 0x0	R7 = 0x0
Register file thread id 10:
	R0 = 0x0	R1 = 0x0	R2 = 0x0	R3 = 0x0	R4 = 0x0	R5 = 0x0	R6 = 0x0	R7 = 0x0
Register file thread id 11:
	R0 = 0x0	R1 = 0x0	R2 = 0x0	R3 = 0x0	R4 = 0x0	R5 = 0x2	R6 = 0x0	R7 = 0x0
Finegrained Multithreading CPI for this program 1.083333

