
---- Blocked MT Simulation ----

Register file thread id 0:
	R0 = 0x0	R1 = 0x9	R2 = 0x0	R3 = 0x0	R4 = 0x0	R5 = 0x0	R6 = 0x0	R7 = 0x0
Register file thread id 1:
	R0 = 0x0	R1 = 0xFFFFFFFE	R2 = 0x8	R3 = 0x0	R4 = 0x0	R5 = 0x0	R6 = 0x0	R7 = 0x0
Register file thread id 2:
	R0 = 0x0	R1 = 0xFFFFFFFD	R2 = 0xFFFFFFFE	R3 = 0xFFFFFFFE	R4 = 0x0	R5 = 0x0	R6 = 0x0	R7 = 0x0
Register file thread id 3:
	R0 = 0x0	R1 = 0x0	R2 = 0x0	R3 = 0x0	R4 = 0x0	R5 = 0xFFFFFFFD	R6 = 0xFFFFFFFD	R7 = 0xFFFFFFFD
Register file thread id 4:
	R0 = 0x8	R1 = 0x0	R2 = 0x0	R3 = 0x0	R4 = 0xFFFFFFFF	R5 = 0xFFFFFFFD	R6 = 0x0	R7 = 0x0
Register file thread id 5:
	R0 = 0x2	R1 = 0x0	R2 = 0xFFFFFFFE	R3 = 0x0	R4 = 0x8	R5 = 0x0	R6 = 0x0	R7 = 0x0
Blocked MT CPI for this program 5.416667

-----Finegrained MT Simulation -----

Register file thread id 0:
	R0 = 0x0	R1 = 0x9	R2 = 0x0	R3 = 0x0	R4 = 0x0	R5 = 0x0	R6 = 0x0	R7 = 0x0
Register file thread id 1:
	R0 = 0x0	R1 = 0xFFFFFFFE	R2 = 0x8	R3 = 0x0	R4 = 0x0	R5 = 0x0	R6 = 0x0	R7 = 0x0
Register file thread id 2:
	R0 = 0x0	R1 = 0xFFFFFFFD	R2 = 0xFFFFFFFE	R3 = 0xFFFFFFFE	R4 = 0x0	R5 = 0x0	R6 = 0x0	R7 = 0x0
Register file thread id 3:
	R0 = 0x0	R1 = 0x0	R2 = 0x0	R3 = 0x0	R4 = 0x0	R5 = 0xFFFFFFFD	R6 = 0xFFFFFFFD	R7 = 0xFFFFFFFD
Register file thread id 4:
	R0 = 0x8	R1 = 0x0	R2 = 0x0	R3 = 0x0	R4 = 0xFFFFFFFF	R5 = 0xFFFFFFFD	R6 = 0x0	R7 = 0x0
Register file thread id 5:
	R0 = 0x2	R1 = 0x0	R2 = 0xFFFFFFFE	R3 = 0x0	R4 = 0x8	R5 = 0x0	R6 = 0x0	R7 = 0x0
Finegrained Multithreading CPI for this program 1.312500

