
---- Blocked MT Simulation ----

Register file thread id 0:
	R0 = 0x6	R1 = 0x0	R2 = 0x2	R3 = 0x0	R4 = 0x0	R5 = 0x0	R6 = 0x0	R7 = 0x2
Register file thread id 1:
	R0 = 0x6	R1 = 0xFFFFFFFF	R2 = 0x3	R3 = 0x0	R4 = 0x0	R5 = 0x4	R6 = 0x0	R7 = 0x0
Register file thread id 2:
	R0 = 0x0	R1 = 0x6	R2 = 0x0	R3 = 0x0	R4 = 0x0	R5 = 0xFFFFFFFE	R6 = 0xFFFFFFFF	R7 = 0x0
Register file thread id 3:
	R0 = 0x0	R1 = 0x3	R2 = 0x0	R3 = 0x0	R4 = 0x0	R5 = 0x1	R6 = 0x0	R7 = 0x0
Register file thread id 4:
	R0 = 0x6	R1 = 0x5	R2 = 0x0	R3 = 0x0	R4 = 0xB	R5 = 0x5	R6 = 0x0	R7 = 0x0
Register file thread id 5:
	R0 = 0x1	R1 = 0x0	R2 = 0xFFFFFFFF	R3 = 0x6	R4 = 0xFFFFFFFA	R5 = 0x0	R6 = 0x0	R7 = 0x0
Blocked MT CPI for this program 7.250000

-----Finegrained MT Simulation -----

Register file thread id 0:
	R0 = 0x0	R1 = 0x0	R2 = 0x2	R3 = 0x0	R4 = 0x0	R5 = 0x0	R6 = 0x0	R7 = 0x2
Register file thread id 1:
	R0 = 0x0	R1 = 0xFFFFFFFF	R2 = 0x3	R3 = 0x0	R4 = 0x0	R5 = 0x4	R6 = 0x0	R7 = 0x0
Register file thread id 2:
	R0 = 0x0	R1 = 0x0	R2 = 0x0	R3 = 0x0	R4 = 0x0	R5 = 0xFFFFFFFE	R6 = 0xFFFFFFFF	R7 = 0x0
Register file thread id 3:
	R0 = 0x0	R1 = 0x3	R2 = 0x0	R3 = 0x0	R4 = 0x0	R5 = 0x1	R6 = 0x0	R7 = 0x0
Register file thread id 4:
	R0 = 0x0	R1 = 0xFFFFFFFF	R2 = 0x0	R3 = 0x0	R4 = 0xFFFFFFFF	R5 = 0x0	R6 = 0x0	R7 = 0x0
Register file thread id 5:
	R0 = 0x1	R1 = 0x0	R2 = 0xFFFFFFFF	R3 = 0x0	R4 = 0x0	R5 = 0x0	R6 = 0x0	R7 = 0x0
Finegrained Multithreading CPI for this program 1.604167

