
---- Blocked MT Simulation ----

Register file thread id 0:
	R0 = 0xA	R1 = 0xA	R2 = 0x0	R3 = 0x0	R4 = 0x1	R5 = 0x0	R6 = 0x5	R7 = 0x0
Register file thread id 1:
	R0 = 0x4	R1 = 0x3	R2 = 0x0	R3 = 0x0	R4 = 0x0	R5 = 0x0	R6 = 0x4	R7 = 0x0
Register file thread id 2:
	R0 = 0x0	R1 = 0x0	R2 = 0x0	R3 = 0x0	R4 = 0x0	R5 = 0x0	R6 = 0x0	R7 = 0x0
Register file thread id 3:
	R0 = 0x0	R1 = 0x0	R2 = 0x0	R3 = 0x0	R4 = 0x0	R5 = 0x0	R6 = 0x0	R7 = 0x3
Register file thread id 4:
	R0 = 0x0	R1 = 0x0	R2 = 0x2	R3 = 0xFFFFFFFE	R4 = 0x0	R5 = 0x0	R6 = 0x0	R7 = 0x0
Register file thread id 5:
	R0 = 0x0	R1 = 0x2	R2 = 0x0	R3 = 0x0	R4 = 0xFFFFFFFD	R5 = 0x0	R6 = 0x1	R7 = 0xFFFFFFFE
Register file thread id 6:
	R0 = 0x0	R1 = 0x0	R2 = 0x0	R3 = 0x0	R4 = 0x0	R5 = 0x0	R6 = 0x0	R7 = 0x0
Register file thread id 7:
	R0 = 0x0	R1 = 0x0	R2 = 0xFFFFFFFC	R3 = 0xFFFFFFFF	R4 = 0xFFFFFFFE	R5 = 0x0	R6 = 0x1	R7 = 0x0
Register file thread id 8:
	R0 = 0xFFFFFFFE	R1 = 0x2	R2 = 0x0	R3 = 0x0	R4 = 0x2	R5 = 0x0	R6 = 0x0	R7 = 0x0
Blocked MT CPI for this program 5.727273

-----Finegrained MT Simulation -----

Register file thread id 0:
	R0 = 0x0	R1 = 0x0	R2 = 0x0	R3 = 0x0	R4 = 0x1	R5 = 0x0	R6 = 0x5	R7 = 0x0
Register file thread id 1:
	R0 = 0x4	R1 = 0x3	R2 = 0x0	R3 = 0x0	R4 = 0x0	R5 = 0x0	R6 = 0x4	R7 = 0x0
Register file thread id 2:
	R0 = 0x0	R1 = 0x0	R2 = 0x0	R3 = 0x0	R4 = 0x0	R5 = 0x0	R6 = 0x0	R7 = 0x0
Register file thread id 3:
	R0 = 0x0	R1 = 0x0	R2 = 0x0	R3 = 0x0	R4 = 0x0	R5 = 0x0	R6 = 0x0	R7 = 0x3
Register file thread id 4:
	R0 = 0x0	R1 = 0x0	R2 = 0x2	R3 = 0xFFFFFFFE	R4 = 0x0	R5 = 0x0	R6 = 0x0	R7 = 0x0
Register file thread id 5:
	R0 = 0x0	R1 = 0x2	R2 = 0x0	R3 = 0x0	R4 = 0xFFFFFFFD	R5 = 0x0	R6 = 0x1	R7 = 0xFFFFFFFE
Register file thread id 6:
	R0 = 0x0	R1 = 0x0	R2 = 0x0	R3 = 0x0	R4 = 0x0	R5 = 0x0	R6 = 0x0	R7 = 0x0
Register file thread id 7:
	R0 = 0x0	R1 = 0x0	R2 = 0xFFFFFFFC	R3 = 0xFFFFFFFF	R4 = 0xFFFFFFFE	R5 = 0x0	R6 = 0x1	R7 = 0x0
Register file thread id 8:
	R0 = 0xFFFFFFFE	R1 = 0x2	R2 = 0x0	R3 = 0x0	R4 = 0x2	R5 = 0x0	R6 = 0x0	R7 = 0x0
Finegrained Multithreading CPI for this program 1.212121

