
---- Blocked MT Simulation ----

Register file thread id 0:
	R0 = 0x0	R1 = 0x0	R2 = 0x0	R3 = 0x2	R4 = 0x7	R5 = 0x0	R6 = 0x0	R7 = 0x0
Register file thread id 1:
	R0 = 0x0	R1 = 0x0	R2 = 0x0	R3 = 0x0	R4 = 0x0	R5 = 0x0	R6 = 0x0	R7 = 0x0
Register file thread id 2:
	R0 = 0x0	R1 = 0xFFFFFFFE	R2 = 0x0	R3 = 0x0	R4 = 0x0	R5 = 0x2	R6 = 0x0	R7 = 0x0
Register file thread id 3:
	R0 = 0x0	R1 = 0x0	R2 = 0x3	R3 = 0xFFFFFFFD	R4 = 0x0	R5 = 0x0	R6 = 0x0	R7 = 0x0
Register file thread id 4:
	R0 = 0x3	R1 = 0x0	R2 = 0x0	R3 = 0x0	R4 = 0xFFFFFFFC	R5 = 0x2	R6 = 0xFFFFFFFC	R7 = 0x0
Register file thread id 5:
	R0 = 0x1	R1 = 0x0	R2 = 0x0	R3 = 0x1	R4 = 0x0	R5 = 0x1	R6 = 0x0	R7 = 0x0
Register file thread id 6:
	R0 = 0xFFFFFFFF	R1 = 0x0	R2 = 0xFFFFFFFF	R3 = 0xFFFFFFFF	R4 = 0x0	R5 = 0x0	R6 = 0x0	R7 = 0x0
Register file thread id 7:
	R0 = 0x0	R1 = 0xFFFFFFFD	R2 = 0x0	R3 = 0x0	R4 = 0x0	R5 = 0xFFFFFFFE	R6 = 0x0	R7 = 0xFFFFFFFD
Blocked MT CPI for this program 3.806452

-----Finegrained MT Simulation -----

Register file thread id 0:
	R0 = 0x0	R1 = 0x0	R2 = 0x0	R3 = 0x2	R4 = 0x0	R5 = 0x0	R6 = 0x0	R7 = 0x0
Register file thread id 1:
	R0 = 0x0	R1 = 0x0	R2 = 0x0	R3 = 0x0	R4 = 0x0	R5 = 0x0	R6 = 0x0	R7 = 0x0
Register file thread id 2:
	R0 = 0x0	R1 = 0xFFFFFFFE	R2 = 0x0	R3 = 0x0	R4 = 0x0	R5 = 0x2	R6 = 0x0	R7 = 0x0
Register file thread id 3:
	R0 = 0x0	R1 = 0x0	R2 = 0x3	R3 = 0xFFFFFFFD	R4 = 0x0	R5 = 0x0	R6 = 0x0	R7 = 0x0
Register file thread id 4:
	R0 = 0x3	R1 = 0x0	R2 = 0x0	R3 = 0x0	R4 = 0xFFFFFFFC	R5 = 0x2	R6 = 0xFFFFFFFC	R7 = 0x0
Register file thread id 5:
	R0 = 0x1	R1 = 0x0	R2 = 0x0	R3 = 0x1	R4 = 0x0	R5 = 0x1	R6 = 0x0	R7 = 0x0
Register file thread id 6:
	R0 = 0xFFFFFFFF	R1 = 0x0	R2 = 0xFFFFFFFF	R3 = 0xFFFFFFFF	R4 = 0x0	R5 = 0x0	R6 = 0x0	R7 = 0x0
Register file thread id 7:
	R0 = 0x0	R1 = 0xFFFFFFFD	R2 = 0x0	R3 = 0x0	R4 = 0x0	R5 = 0xFFFFFFFE	R6 = 0x0	R7 = 0xFFFFFFFD
Finegrained Multithreading CPI for this program 1.161290

