
---- Blocked MT Simulation ----

Register file thread id 0:
	R0 = 0x0	R1 = 0x0	R2 = 0x0	R3 = 0x5	R4 = 0x0	R5 = 0x0	R6 = 0xFFFFFFFF	R7 = 0x0
Register file thread id 1:
	R0 = 0x0	R1 = 0x0	R2 = 0x0	R3 = 0x4	R4 = 0x0	R5 = 0x0	R6 = 0x2	R7 = 0x0
Register file thread id 2:
	R0 = 0xFFFFFFFE	R1 = 0x0	R2 = 0x0	R3 = 0x0	R4 = 0x0	R5 = 0x0	R6 = 0x0	R7 = 0x0
Register file thread id 3:
	R0 = 0x6	R1 = 0x2	R2 = 0x0	R3 = 0x0	R4 = 0x0	R5 = 0xFFFFFFFD	R6 = 0xA	R7 = 0xFFFFFFFF
Register file thread id 4:
	R0 = 0xFFFFFFFB	R1 = 0x0	R2 = 0x3	R3 = 0x4	R4 = 0x5	R5 = 0x0	R6 = 0x0	R7 = 0x0
Register file thread id 5:
	R0 = 0x0	R1 = 0x0	R2 = 0x0	R3 = 0x0	R4 = 0x0	R5 = 0x0	R6 = 0x0	R7 = 0x0
Blocked MT CPI for this program 3.518519

-----Finegrained MT Simulation -----

Register file thread id 0:
	R0 = 0x0	R1 = 0x0	R2 = 0x0	R3 = 0x5	R4 = 0x0	R5 = 0x0	R6 = 0xFFFFFFFF	R7 = 0x0
Register file thread id 1:
	R0 = 0x0	R1 = 0x0	R2 = 0x0	R3 = 0x4	R4 = 0x0	R5 = 0x0	R6 = 0x2	R7 = 0x0
Register file thread id 2:
	R0 = 0xFFFFFFFE	R1 = 0x0	R2 = 0x0	R3 = 0x0	R4 = 0x0	R5 = 0x0	R6 = 0x0	R7 = 0x0
Register file thread id 3:
	R0 = 0x6	R1 = 0x2	R2 = 0x0	R3 = 0x0	R4 = 0x0	R5 = 0xFFFFFFFD	R6 = 0xA	R7 = 0xFFFFFFFF
Register file thread id 4:
	R0 = 0xFFFFFFFB	R1 = 0x0	R2 = 0x3	R3 = 0x4	R4 = 0x5	R5 = 0x0	R6 = 0x0	R7 = 0x0
Register file thread id 5:
	R0 = 0x0	R1 = 0x0	R2 = 0x0	R3 = 0x0	R4 = 0x0	R5 = 0x0	R6 = 0x0	R7 = 0x0
Finegrained Multithreading CPI for this program 1.203704

